Archive member included to satisfy reference by file (symbol)

C:/Users/tapet/.pico-sdk/toolchain/13_3_Rel1/bin/../lib/gcc/arm-none-eabi/13.3.1/thumb/v6-m/nofp\libgcc.a(_dvmd_tls.o)
                              CMakeFiles/Wifi_led_buzzer.dir/C_/Users/tapet/.pico-sdk/sdk/2.1.0/src/rp2_common/pico_divider/divider_hardware.S.obj (__aeabi_idiv0)
C:/Users/tapet/.pico-sdk/toolchain/13_3_Rel1/bin/../lib/gcc/arm-none-eabi/13.3.1/thumb/v6-m/nofp\libg.a(libc_a-atoi.o)
                              CMakeFiles/Wifi_led_buzzer.dir/C_/Users/tapet/.pico-sdk/sdk/2.1.0/lib/lwip/src/core/netif.c.obj (atoi)
C:/Users/tapet/.pico-sdk/toolchain/13_3_Rel1/bin/../lib/gcc/arm-none-eabi/13.3.1/thumb/v6-m/nofp\libg.a(libc_a-calloc.o)
                              CMakeFiles/Wifi_led_buzzer.dir/C_/Users/tapet/.pico-sdk/sdk/2.1.0/src/rp2_common/pico_malloc/malloc.c.obj (calloc)
C:/Users/tapet/.pico-sdk/toolchain/13_3_Rel1/bin/../lib/gcc/arm-none-eabi/13.3.1/thumb/v6-m/nofp\libg.a(libc_a-callocr.o)
                              C:/Users/tapet/.pico-sdk/toolchain/13_3_Rel1/bin/../lib/gcc/arm-none-eabi/13.3.1/thumb/v6-m/nofp\libg.a(libc_a-calloc.o) (_calloc_r)
C:/Users/tapet/.pico-sdk/toolchain/13_3_Rel1/bin/../lib/gcc/arm-none-eabi/13.3.1/thumb/v6-m/nofp\libg.a(libc_a-malloc.o)
                              CMakeFiles/Wifi_led_buzzer.dir/C_/Users/tapet/.pico-sdk/sdk/2.1.0/src/rp2_common/pico_malloc/malloc.c.obj (malloc)
C:/Users/tapet/.pico-sdk/toolchain/13_3_Rel1/bin/../lib/gcc/arm-none-eabi/13.3.1/thumb/v6-m/nofp\libg.a(libc_a-mallocr.o)
                              C:/Users/tapet/.pico-sdk/toolchain/13_3_Rel1/bin/../lib/gcc/arm-none-eabi/13.3.1/thumb/v6-m/nofp\libg.a(libc_a-callocr.o) (_malloc_r)
C:/Users/tapet/.pico-sdk/toolchain/13_3_Rel1/bin/../lib/gcc/arm-none-eabi/13.3.1/thumb/v6-m/nofp\libg.a(libc_a-mlock.o)
                              C:/Users/tapet/.pico-sdk/toolchain/13_3_Rel1/bin/../lib/gcc/arm-none-eabi/13.3.1/thumb/v6-m/nofp\libg.a(libc_a-mallocr.o) (__malloc_lock)
C:/Users/tapet/.pico-sdk/toolchain/13_3_Rel1/bin/../lib/gcc/arm-none-eabi/13.3.1/thumb/v6-m/nofp\libg.a(libc_a-realloc.o)
                              CMakeFiles/Wifi_led_buzzer.dir/C_/Users/tapet/.pico-sdk/sdk/2.1.0/src/rp2_common/pico_malloc/malloc.c.obj (realloc)
C:/Users/tapet/.pico-sdk/toolchain/13_3_Rel1/bin/../lib/gcc/arm-none-eabi/13.3.1/thumb/v6-m/nofp\libg.a(libc_a-reallocr.o)
                              C:/Users/tapet/.pico-sdk/toolchain/13_3_Rel1/bin/../lib/gcc/arm-none-eabi/13.3.1/thumb/v6-m/nofp\libg.a(libc_a-realloc.o) (_realloc_r)
C:/Users/tapet/.pico-sdk/toolchain/13_3_Rel1/bin/../lib/gcc/arm-none-eabi/13.3.1/thumb/v6-m/nofp\libg.a(libc_a-strtol.o)
                              C:/Users/tapet/.pico-sdk/toolchain/13_3_Rel1/bin/../lib/gcc/arm-none-eabi/13.3.1/thumb/v6-m/nofp\libg.a(libc_a-atoi.o) (_strtol_r)
C:/Users/tapet/.pico-sdk/toolchain/13_3_Rel1/bin/../lib/gcc/arm-none-eabi/13.3.1/thumb/v6-m/nofp\libg.a(libc_a-ctype_.o)
                              CMakeFiles/Wifi_led_buzzer.dir/C_/Users/tapet/.pico-sdk/sdk/2.1.0/lib/lwip/src/core/dns.c.obj (_ctype_)
C:/Users/tapet/.pico-sdk/toolchain/13_3_Rel1/bin/../lib/gcc/arm-none-eabi/13.3.1/thumb/v6-m/nofp\libg.a(libc_a-memcmp.o)
                              CMakeFiles/Wifi_led_buzzer.dir/C_/Users/tapet/.pico-sdk/sdk/2.1.0/src/rp2_common/pico_atomic/atomic.c.obj (memcmp)
C:/Users/tapet/.pico-sdk/toolchain/13_3_Rel1/bin/../lib/gcc/arm-none-eabi/13.3.1/thumb/v6-m/nofp\libg.a(libc_a-memmove.o)
                              CMakeFiles/Wifi_led_buzzer.dir/C_/Users/tapet/.pico-sdk/sdk/2.1.0/lib/lwip/src/core/def.c.obj (memmove)
C:/Users/tapet/.pico-sdk/toolchain/13_3_Rel1/bin/../lib/gcc/arm-none-eabi/13.3.1/thumb/v6-m/nofp\libg.a(libc_a-strncmp.o)
                              CMakeFiles/Wifi_led_buzzer.dir/C_/Users/tapet/.pico-sdk/sdk/2.1.0/lib/lwip/src/core/def.c.obj (strncmp)
C:/Users/tapet/.pico-sdk/toolchain/13_3_Rel1/bin/../lib/gcc/arm-none-eabi/13.3.1/thumb/v6-m/nofp\libg.a(libc_a-strstr.o)
                              CMakeFiles/Wifi_led_buzzer.dir/Wifi_led_buzzer.c.obj (strstr)
C:/Users/tapet/.pico-sdk/toolchain/13_3_Rel1/bin/../lib/gcc/arm-none-eabi/13.3.1/thumb/v6-m/nofp\libg.a(libc_a-lcltime_r.o)
                              CMakeFiles/Wifi_led_buzzer.dir/C_/Users/tapet/.pico-sdk/sdk/2.1.0/src/common/pico_util/datetime.c.obj (localtime_r)
C:/Users/tapet/.pico-sdk/toolchain/13_3_Rel1/bin/../lib/gcc/arm-none-eabi/13.3.1/thumb/v6-m/nofp\libg.a(libc_a-mktime.o)
                              CMakeFiles/Wifi_led_buzzer.dir/C_/Users/tapet/.pico-sdk/sdk/2.1.0/src/common/pico_util/datetime.c.obj (mktime)
C:/Users/tapet/.pico-sdk/toolchain/13_3_Rel1/bin/../lib/gcc/arm-none-eabi/13.3.1/thumb/v6-m/nofp\libg.a(libc_a-month_lengths.o)
                              C:/Users/tapet/.pico-sdk/toolchain/13_3_Rel1/bin/../lib/gcc/arm-none-eabi/13.3.1/thumb/v6-m/nofp\libg.a(libc_a-lcltime_r.o) (__month_lengths)
[...]
Memory Configuration

Name             Origin             Length             Attributes
FLASH            0x10000000         0x00200000         xr
RAM              0x20000000         0x00040000         xrw
SCRATCH_X        0x20040000         0x00001000         xrw
SCRATCH_Y        0x20041000         0x00001000         xrw
*default*        0x00000000         0xffffffff

Linker script and memory map

LOAD C:/Users/tapet/.pico-sdk/toolchain/13_3_Rel1/bin/../lib/gcc/arm-none-eabi/13.3.1/thumb/v6-m/nofp/crti.o
LOAD C:/Users/tapet/.pico-sdk/toolchain/13_3_Rel1/bin/../lib/gcc/arm-none-eabi/13.3.1/thumb/v6-m/nofp/crtbegin.o
LOAD C:/Users/tapet/.pico-sdk/toolchain/13_3_Rel1/bin/../lib/gcc/arm-none-eabi/13.3.1/thumb/v6-m/nofp/crt0.o

.flash_begin    0x10000000        0x0
                0x10000000                        __flash_binary_start = .

.boot2          0x10000000      0x100
                0x10000000                        __boot2_start__ = .
 *(.boot2)
 .boot2         0x10000000      0x100 pico-sdk/src/rp2040/boot_stage2/CMakeFiles/bs2_default_library.dir/./bs2_default_padded_checksummed.S.obj
                0x10000100                        __boot2_end__ = .
                0x00000001                        ASSERT (((__boot2_end__ - __boot2_start__) == 0x100), ERROR: Pico second stage bootloader must be 256 bytes in size)

.text           0x10000100    0x16e24
                0x10000100                        __logical_binary_start = .
 *(.vectors)
 .vectors       0x10000100       0xd4 CMakeFiles/Wifi_led_buzzer.dir/C_/Users/tapet/.pico-sdk/sdk/2.1.0/src/rp2_common/pico_crt0/crt0.S.obj
                0x10000100                __VECTOR_TABLE
                0x10000100                __vectors
                0x100001c0                isr_invalid
                0x100001c0                __default_isrs_start
                0x100001c2                isr_nmi
                0x100001c4                isr_hardfault
                0x100001c6                isr_svcall
                0x100001c8                isr_pendsv
                0x100001ca                isr_systick
                0x100001cc                isr_irq23
                0x100001cc                isr_irq18
                0x100001cc                isr_irq11
                0x100001cc                isr_irq28
                0x100001cc                isr_irq19
                0x100001cc                isr_irq0
                0x100001cc                isr_irq6
                0x100001cc                isr_irq5
                0x100001cc                isr_irq12
                0x100001cc                isr_irq22
                0x100001cc                isr_irq31
                0x100001cc                isr_irq17
                0x100001cc                isr_irq27
                0x100001cc                isr_irq30
                0x100001cc                isr_irq2
                0x100001cc                isr_irq10
                0x100001cc                isr_irq8
                0x100001cc                isr_irq24
                0x100001cc                isr_irq1
                0x100001cc                isr_irq7
                0x100001cc                isr_irq21
                0x100001cc                isr_irq20
                0x100001cc                isr_irq15
                0x100001cc                isr_irq25
                0x100001cc                isr_irq13
                0x100001cc                __unhandled_user_irq
                0x100001cc                isr_irq4
                0x100001cc                isr_irq16
                0x100001cc                isr_irq29
                0x100001cc                isr_irq26
                0x100001cc                __default_isrs_end
                0x100001cc                isr_irq3
                0x100001cc                isr_irq14
                0x100001cc                isr_irq9
                0x100001d2                unhandled_user_irq_num_in_r0
 *(.binary_info_header)
 .binary_info_header
                0x100001d4       0x14 CMakeFiles/Wifi_led_buzzer.dir/C_/Users/tapet/.pico-sdk/sdk/2.1.0/src/rp2_common/pico_crt0/crt0.S.obj
                0x100001e8                        __binary_info_header_end = .
 *(.embedded_block)
                0x100001e8                        __embedded_block_end = .
 *(.reset)
 .reset         0x100001e8       0x9c CMakeFiles/Wifi_led_buzzer.dir/C_/Users/tapet/.pico-sdk/sdk/2.1.0/src/rp2_common/pico_crt0/crt0.S.obj
                0x100001e8                _entry_point
 *(.init)
 .init          0x10000284        0x4 C:/Users/tapet/.pico-sdk/toolchain/13_3_Rel1/bin/../lib/gcc/arm-none-eabi/13.3.1/thumb/v6-m/nofp/crti.o
                0x10000284                _init
 *(EXCLUDE_FILE(*libm.a: *libc.a:*lib_a-mem*.o *libgcc.a:) .text*)
 .text.register_tm_clones
                0x10000288       0x28 C:/Users/tapet/.pico-sdk/toolchain/13_3_Rel1/bin/../lib/gcc/arm-none-eabi/13.3.1/thumb/v6-m/nofp/crtbegin.o
 .text.frame_dummy
                0x100002b0       0x24 C:/Users/tapet/.pico-sdk/toolchain/13_3_Rel1/bin/../lib/gcc/arm-none-eabi/13.3.1/thumb/v6-m/nofp/crtbegin.o
 .text.connection_callback
                0x100002d4       0x14 CMakeFiles/Wifi_led_buzzer.dir/Wifi_led_buzzer.c.obj
 .text.http_callback
                0x100002e8       0x7c CMakeFiles/Wifi_led_buzzer.dir/Wifi_led_buzzer.c.obj
 .text.pwm_init_buzzer
                0x10000364       0xf4 CMakeFiles/Wifi_led_buzzer.dir/Wifi_led_buzzer.c.obj
                0x10000364                pwm_init_buzzer
 .text.startup.main
                0x10000458      0x164 CMakeFiles/Wifi_led_buzzer.dir/Wifi_led_buzzer.c.obj
                0x10000458                main
 .text.gpio_set_function
                0x100005bc       0x34 CMakeFiles/Wifi_led_buzzer.dir/C_/Users/tapet/.pico-sdk/sdk/2.1.0/src/rp2_common/hardware_gpio/gpio.c.obj
                0x100005bc                gpio_set_function
 .text.gpio_set_pulls
                0x100005f0       0x28 CMakeFiles/Wifi_led_buzzer.dir/C_/Users/tapet/.pico-sdk/sdk/2.1.0/src/rp2_common/hardware_gpio/gpio.c.obj
                0x100005f0                gpio_set_pulls
 .text.gpio_set_input_hysteresis_enabled
                0x10000618       0x28 CMakeFiles/Wifi_led_buzzer.dir/C_/Users/tapet/.pico-sdk/sdk/2.1.0/src/rp2_common/hardware_gpio/gpio.c.obj
                0x10000618                gpio_set_input_hysteresis_enabled
 .text.gpio_set_irq_enabled
                0x10000640       0x58 CMakeFiles/Wifi_led_buzzer.dir/C_/Users/tapet/.pico-sdk/sdk/2.1.0/src/rp2_common/hardware_gpio/gpio.c.obj
                0x10000640                gpio_set_irq_enabled
 .text.gpio_add_raw_irq_handler_with_order_priority_masked
                0x10000698       0x44 CMakeFiles/Wifi_led_buzzer.dir/C_/Users/tapet/.pico-sdk/sdk/2.1.0/src/rp2_common/hardware_gpio/gpio.c.obj
                0x10000698                gpio_add_raw_irq_handler_with_order_priority_masked
 .text.gpio_remove_raw_irq_handler_masked
                0x100006dc       0x20 CMakeFiles/Wifi_led_buzzer.dir/C_/Users/tapet/.pico-sdk/sdk/2.1.0/src/rp2_common/hardware_gpio/gpio.c.obj
                0x100006dc                gpio_remove_raw_irq_handler_masked
 .text.gpio_init
                0x100006fc       0x40 CMakeFiles/Wifi_led_buzzer.dir/C_/Users/tapet/.pico-sdk/sdk/2.1.0/src/rp2_common/hardware_gpio/gpio.c.obj
                0x100006fc                gpio_init
 .text.rp2040_chip_version
                0x1000073c        0xc CMakeFiles/Wifi_led_buzzer.dir/C_/Users/tapet/.pico-sdk/sdk/2.1.0/src/rp2040/pico_platform/platform.c.obj
                0x1000073c                rp2040_chip_version
 .text.panic    0x10000748       0x30 CMakeFiles/Wifi_led_buzzer.dir/C_/Users/tapet/.pico-sdk/sdk/2.1.0/src/rp2_common/pico_platform_panic/panic.c.obj
                0x10000748                panic
 .text.hw_claim_lock
                0x10000778       0x18 CMakeFiles/Wifi_led_buzzer.dir/C_/Users/tapet/.pico-sdk/sdk/2.1.0/src/common/hardware_claim/claim.c.obj
                0x10000778                hw_claim_lock
 .text.hw_claim_unlock
                0x10000790       0x14 CMakeFiles/Wifi_led_buzzer.dir/C_/Users/tapet/.pico-sdk/sdk/2.1.0/src/common/hardware_claim/claim.c.obj
                0x10000790                hw_claim_unlock
 .text.hw_claim_or_assert
                0x100007a4       0x44 CMakeFiles/Wifi_led_buzzer.dir/C_/Users/tapet/.pico-sdk/sdk/2.1.0/src/common/hardware_claim/claim.c.obj
                0x100007a4                hw_claim_or_assert
 .text.hw_claim_unused_from_range
                0x100007e8       0x9c CMakeFiles/Wifi_led_buzzer.dir/C_/Users/tapet/.pico-sdk/sdk/2.1.0/src/common/hardware_claim/claim.c.obj
                0x100007e8                hw_claim_unused_from_range
 .text.hw_claim_clear
                0x10000884       0x38 CMakeFiles/Wifi_led_buzzer.dir/C_/Users/tapet/.pico-sdk/sdk/2.1.0/src/common/hardware_claim/claim.c.obj
                0x10000884                hw_claim_clear
 .text.next_striped_spin_lock_num
                0x100008bc       0x18 CMakeFiles/Wifi_led_buzzer.dir/C_/Users/tapet/.pico-sdk/sdk/2.1.0/src/rp2_common/hardware_sync/sync.c.obj
                0x100008bc                next_striped_spin_lock_num
 .text.spin_lock_claim_unused
                0x100008d4       0x24 CMakeFiles/Wifi_led_buzzer.dir/C_/Users/tapet/.pico-sdk/sdk/2.1.0/src/rp2_common/hardware_sync/sync.c.obj
                0x100008d4                spin_lock_claim_unused
 .text.spin_locks_reset
                0x100008f8       0x1c CMakeFiles/Wifi_led_buzzer.dir/C_/Users/tapet/.pico-sdk/sdk/2.1.0/src/rp2_common/hardware_sync_spin_lock/sync_spin_lock.c.obj
                0x100008f8                spin_locks_reset
 .text.runtime_init_per_core_irq_priorities
                0x10000914       0x24 CMakeFiles/Wifi_led_buzzer.dir/C_/Users/tapet/.pico-sdk/sdk/2.1.0/src/rp2_common/hardware_irq/irq.c.obj
                0x10000914                runtime_init_per_core_irq_priorities
 .text.irq_set_enabled
                0x10000938       0x24 CMakeFiles/Wifi_led_buzzer.dir/C_/Users/tapet/.pico-sdk/sdk/2.1.0/src/rp2_common/hardware_irq/irq.c.obj
                0x10000938                irq_set_enabled
 .text.irq_is_enabled
                0x1000095c       0x18 CMakeFiles/Wifi_led_buzzer.dir/C_/Users/tapet/.pico-sdk/sdk/2.1.0/src/rp2_common/hardware_irq/irq.c.obj
                0x1000095c                irq_is_enabled
 .text.irq_set_pending
                0x10000974       0x10 CMakeFiles/Wifi_led_buzzer.dir/C_/Users/tapet/.pico-sdk/sdk/2.1.0/src/rp2_common/hardware_irq/irq.c.obj
                0x10000974                irq_set_pending
 .text.irq_has_shared_handler
                0x10000984       0x2c CMakeFiles/Wifi_led_buzzer.dir/C_/Users/tapet/.pico-sdk/sdk/2.1.0/src/rp2_common/hardware_irq/irq.c.obj
                0x10000984                irq_has_shared_handler
 .text.irq_set_exclusive_handler
                0x100009b0       0x54 CMakeFiles/Wifi_led_buzzer.dir/C_/Users/tapet/.pico-sdk/sdk/2.1.0/src/rp2_common/hardware_irq/irq.c.obj
                0x100009b0                irq_set_exclusive_handler
 .text.irq_add_shared_handler
                0x10000a04      0x1f4 CMakeFiles/Wifi_led_buzzer.dir/C_/Users/tapet/.pico-sdk/sdk/2.1.0/src/rp2_common/hardware_irq/irq.c.obj
                0x10000a04                irq_add_shared_handler
 .text.irq_remove_handler
                0x10000bf8      0x1d4 CMakeFiles/Wifi_led_buzzer.dir/C_/Users/tapet/.pico-sdk/sdk/2.1.0/src/rp2_common/hardware_irq/irq.c.obj
                0x10000bf8                irq_remove_handler
 .text.irq_set_priority
                0x10000dcc       0x28 CMakeFiles/Wifi_led_buzzer.dir/C_/Users/tapet/.pico-sdk/sdk/2.1.0/src/rp2_common/hardware_irq/irq.c.obj
                0x10000dcc                irq_set_priority
 .text.irq_add_tail_to_free_list
                0x10000df4       0xb4 CMakeFiles/Wifi_led_buzzer.dir/C_/Users/tapet/.pico-sdk/sdk/2.1.0/src/rp2_common/hardware_irq/irq.c.obj
                0x10000df4                irq_add_tail_to_free_list
 .text.user_irq_unclaim
                0x10000ea8       0x14 CMakeFiles/Wifi_led_buzzer.dir/C_/Users/tapet/.pico-sdk/sdk/2.1.0/src/rp2_common/hardware_irq/irq.c.obj
                0x10000ea8                user_irq_unclaim
 .text.user_irq_claim_unused
                0x10000ebc       0x2c CMakeFiles/Wifi_led_buzzer.dir/C_/Users/tapet/.pico-sdk/sdk/2.1.0/src/rp2_common/hardware_irq/irq.c.obj
                0x10000ebc                user_irq_claim_unused
 .text.sem_init
                0x10000ee8       0x20 CMakeFiles/Wifi_led_buzzer.dir/C_/Users/tapet/.pico-sdk/sdk/2.1.0/src/common/pico_sync/sem.c.obj
                0x10000ee8                sem_init
 .text.lock_init
                0x10000f08       0x10 CMakeFiles/Wifi_led_buzzer.dir/C_/Users/tapet/.pico-sdk/sdk/2.1.0/src/common/pico_sync/lock_core.c.obj
                0x10000f08                lock_init
 .text.runtime_init_mutex
                0x10000f18       0x50 CMakeFiles/Wifi_led_buzzer.dir/C_/Users/tapet/.pico-sdk/sdk/2.1.0/src/common/pico_sync/mutex.c.obj
                0x10000f18                runtime_init_mutex
 .text.mutex_init
                0x10000f68       0x1c CMakeFiles/Wifi_led_buzzer.dir/C_/Users/tapet/.pico-sdk/sdk/2.1.0/src/common/pico_sync/mutex.c.obj
                0x10000f68                mutex_init
 .text.recursive_mutex_init
                0x10000f84       0x1c CMakeFiles/Wifi_led_buzzer.dir/C_/Users/tapet/.pico-sdk/sdk/2.1.0/src/common/pico_sync/mutex.c.obj
                0x10000f84                recursive_mutex_init
 .text.critical_section_init
                0x10000fa0       0x1c CMakeFiles/Wifi_led_buzzer.dir/C_/Users/tapet/.pico-sdk/sdk/2.1.0/src/common/pico_sync/critical_section.c.obj
                0x10000fa0                critical_section_init
 .text.critical_section_init_with_lock_num
                0x10000fbc       0x14 CMakeFiles/Wifi_led_buzzer.dir/C_/Users/tapet/.pico-sdk/sdk/2.1.0/src/common/pico_sync/critical_section.c.obj
                0x10000fbc                critical_section_init_with_lock_num
 .text.sleep_until_callback
                0x10000fd0       0x30 CMakeFiles/Wifi_led_buzzer.dir/C_/Users/tapet/.pico-sdk/sdk/2.1.0/src/common/pico_time/time.c.obj
 .text.alarm_pool_irq_handler
                0x10001000      0x2fc CMakeFiles/Wifi_led_buzzer.dir/C_/Users/tapet/.pico-sdk/sdk/2.1.0/src/common/pico_time/time.c.obj
 .text.runtime_init_default_alarm_pool
                0x100012fc       0xdc CMakeFiles/Wifi_led_buzzer.dir/C_/Users/tapet/.pico-sdk/sdk/2.1.0/src/common/pico_time/time.c.obj
                0x100012fc                runtime_init_default_alarm_pool
 .text.alarm_pool_get_default
                0x100013d8        0x8 CMakeFiles/Wifi_led_buzzer.dir/C_/Users/tapet/.pico-sdk/sdk/2.1.0/src/common/pico_time/time.c.obj
                0x100013d8                alarm_pool_get_default
 .text.alarm_pool_add_alarm_at
                0x100013e0       0xd4 CMakeFiles/Wifi_led_buzzer.dir/C_/Users/tapet/.pico-sdk/sdk/2.1.0/src/common/pico_time/time.c.obj
                0x100013e0                alarm_pool_add_alarm_at
 .text.alarm_pool_add_alarm_at_force_in_context
                0x100014b4       0xb0 CMakeFiles/Wifi_led_buzzer.dir/C_/Users/tapet/.pico-sdk/sdk/2.1.0/src/common/pico_time/time.c.obj
                0x100014b4                alarm_pool_add_alarm_at_force_in_context
 .text.alarm_pool_cancel_alarm
                0x10001564       0x74 CMakeFiles/Wifi_led_buzzer.dir/C_/Users/tapet/.pico-sdk/sdk/2.1.0/src/common/pico_time/time.c.obj
                0x10001564                alarm_pool_cancel_alarm
 .text.alarm_pool_core_num
                0x100015d8        0x4 CMakeFiles/Wifi_led_buzzer.dir/C_/Users/tapet/.pico-sdk/sdk/2.1.0/src/common/pico_time/time.c.obj
                0x100015d8                alarm_pool_core_num
 .text.sleep_until
                0x100015dc       0xd8 CMakeFiles/Wifi_led_buzzer.dir/C_/Users/tapet/.pico-sdk/sdk/2.1.0/src/common/pico_time/time.c.obj
                0x100015dc                sleep_until
 .text.sleep_ms
                0x100016b4       0x38 CMakeFiles/Wifi_led_buzzer.dir/C_/Users/tapet/.pico-sdk/sdk/2.1.0/src/common/pico_time/time.c.obj
                0x100016b4                sleep_ms
 .text.best_effort_wfe_or_timeout
                0x100016ec       0xe0 CMakeFiles/Wifi_led_buzzer.dir/C_/Users/tapet/.pico-sdk/sdk/2.1.0/src/common/pico_time/time.c.obj
                0x100016ec                best_effort_wfe_or_timeout
 .text.timer_hardware_alarm_claim
                0x100017cc       0x14 CMakeFiles/Wifi_led_buzzer.dir/C_/Users/tapet/.pico-sdk/sdk/2.1.0/src/rp2_common/hardware_timer/timer.c.obj
                0x100017cc                timer_hardware_alarm_claim
 .text.timer_time_us_64
                0x100017e0       0x10 CMakeFiles/Wifi_led_buzzer.dir/C_/Users/tapet/.pico-sdk/sdk/2.1.0/src/rp2_common/hardware_timer/timer.c.obj
                0x100017e0                timer_time_us_64
 .text.time_us_64
                0x100017f0       0x14 CMakeFiles/Wifi_led_buzzer.dir/C_/Users/tapet/.pico-sdk/sdk/2.1.0/src/rp2_common/hardware_timer/timer.c.obj
                0x100017f0                time_us_64
 .text.busy_wait_us
                0x10001804       0x68 CMakeFiles/Wifi_led_buzzer.dir/C_/Users/tapet/.pico-sdk/sdk/2.1.0/src/rp2_common/hardware_timer/timer.c.obj
                0x10001804                busy_wait_us
 .text.busy_wait_until
                0x1000186c       0x20 CMakeFiles/Wifi_led_buzzer.dir/C_/Users/tapet/.pico-sdk/sdk/2.1.0/src/rp2_common/hardware_timer/timer.c.obj
                0x1000186c                busy_wait_until
 .text.uart_init
                0x1000188c      0x120 CMakeFiles/Wifi_led_buzzer.dir/C_/Users/tapet/.pico-sdk/sdk/2.1.0/src/rp2_common/hardware_uart/uart.c.obj
                0x1000188c                uart_init
 .text.clock_configure_int_divider
                0x100019ac       0xf4 CMakeFiles/Wifi_led_buzzer.dir/C_/Users/tapet/.pico-sdk/sdk/2.1.0/src/rp2_common/hardware_clocks/clocks.c.obj
                0x100019ac                clock_configure_int_divider
 .text.clock_configure_undivided
                0x10001aa0       0xe8 CMakeFiles/Wifi_led_buzzer.dir/C_/Users/tapet/.pico-sdk/sdk/2.1.0/src/rp2_common/hardware_clocks/clocks.c.obj
                0x10001aa0                clock_configure_undivided
 .text.clock_get_hz
                0x10001b88        0xc CMakeFiles/Wifi_led_buzzer.dir/C_/Users/tapet/.pico-sdk/sdk/2.1.0/src/rp2_common/hardware_clocks/clocks.c.obj
                0x10001b88                clock_get_hz
 .text.pll_init
                0x10001b94       0xa4 CMakeFiles/Wifi_led_buzzer.dir/C_/Users/tapet/.pico-sdk/sdk/2.1.0/src/rp2_common/hardware_pll/pll.c.obj
                0x10001b94                pll_init
 .text.watchdog_reboot
                0x10001c38       0x9c CMakeFiles/Wifi_led_buzzer.dir/C_/Users/tapet/.pico-sdk/sdk/2.1.0/src/rp2_common/hardware_watchdog/watchdog.c.obj
                0x10001c38                watchdog_reboot
 .text.tick_start
                0x10001cd4       0x10 CMakeFiles/Wifi_led_buzzer.dir/C_/Users/tapet/.pico-sdk/sdk/2.1.0/src/rp2_common/hardware_ticks/ticks.c.obj
                0x10001cd4                tick_start
 .text.rom_func_lookup
                0x10001ce4       0x10 CMakeFiles/Wifi_led_buzzer.dir/C_/Users/tapet/.pico-sdk/sdk/2.1.0/src/rp2_common/pico_bootrom/bootrom.c.obj
                0x10001ce4                rom_func_lookup
 .text.rom_data_lookup
                0x10001cf4       0x10 CMakeFiles/Wifi_led_buzzer.dir/C_/Users/tapet/.pico-sdk/sdk/2.1.0/src/rp2_common/pico_bootrom/bootrom.c.obj
                0x10001cf4                rom_data_lookup
 .text.rom_funcs_lookup
                0x10001d04       0x44 CMakeFiles/Wifi_led_buzzer.dir/C_/Users/tapet/.pico-sdk/sdk/2.1.0/src/rp2_common/pico_bootrom/bootrom.c.obj
                0x10001d04                rom_funcs_lookup
 .text.rom_reset_usb_boot_extra
                0x10001d48       0x28 CMakeFiles/Wifi_led_buzzer.dir/C_/Users/tapet/.pico-sdk/sdk/2.1.0/src/rp2_common/pico_bootrom/bootrom.c.obj
                0x10001d48                rom_reset_usb_boot_extra
 .text.xosc_init
                0x10001d70       0x28 CMakeFiles/Wifi_led_buzzer.dir/C_/Users/tapet/.pico-sdk/sdk/2.1.0/src/rp2_common/hardware_xosc/xosc.c.obj
                0x10001d70                xosc_init
 .text.first_per_core_initializer
                0x10001d98        0x4 CMakeFiles/Wifi_led_buzzer.dir/C_/Users/tapet/.pico-sdk/sdk/2.1.0/src/rp2_common/pico_runtime/runtime.c.obj
 .text.hard_assertion_failure
                0x10001d9c        0xc CMakeFiles/Wifi_led_buzzer.dir/C_/Users/tapet/.pico-sdk/sdk/2.1.0/src/rp2_common/pico_runtime/runtime.c.obj
                0x10001d9c                hard_assertion_failure
 .text.runtime_run_initializers
                0x10001da8       0x28 CMakeFiles/Wifi_led_buzzer.dir/C_/Users/tapet/.pico-sdk/sdk/2.1.0/src/rp2_common/pico_runtime/runtime.c.obj
                0x10001da8                runtime_run_initializers
 .text.runtime_init_early_resets
                0x10001dd0       0x2c CMakeFiles/Wifi_led_buzzer.dir/C_/Users/tapet/.pico-sdk/sdk/2.1.0/src/rp2_common/pico_runtime_init/runtime_init.c.obj
                0x10001dd0                runtime_init_early_resets
 .text.runtime_init_usb_power_down
                0x10001dfc       0x1c CMakeFiles/Wifi_led_buzzer.dir/C_/Users/tapet/.pico-sdk/sdk/2.1.0/src/rp2_common/pico_runtime_init/runtime_init.c.obj
                0x10001dfc                runtime_init_usb_power_down
 .text.runtime_init_post_clock_resets
                0x10001e18       0x20 CMakeFiles/Wifi_led_buzzer.dir/C_/Users/tapet/.pico-sdk/sdk/2.1.0/src/rp2_common/pico_runtime_init/runtime_init.c.obj
                0x10001e18                runtime_init_post_clock_resets
 .text.runtime_init_rp2040_gpio_ie_disable
                0x10001e38       0x14 CMakeFiles/Wifi_led_buzzer.dir/C_/Users/tapet/.pico-sdk/sdk/2.1.0/src/rp2_common/pico_runtime_init/runtime_init.c.obj
                0x10001e38                runtime_init_rp2040_gpio_ie_disable
 .text.runtime_init_spin_locks_reset
                0x10001e4c        0x8 CMakeFiles/Wifi_led_buzzer.dir/C_/Users/tapet/.pico-sdk/sdk/2.1.0/src/rp2_common/pico_runtime_init/runtime_init.c.obj
                0x10001e4c                runtime_init_spin_locks_reset
 .text.runtime_init_install_ram_vector_table
                0x10001e54       0x1c CMakeFiles/Wifi_led_buzzer.dir/C_/Users/tapet/.pico-sdk/sdk/2.1.0/src/rp2_common/pico_runtime_init/runtime_init.c.obj
                0x10001e54                runtime_init_install_ram_vector_table
 .text.runtime_init_clocks
                0x10001e70       0xd8 CMakeFiles/Wifi_led_buzzer.dir/C_/Users/tapet/.pico-sdk/sdk/2.1.0/src/rp2_common/pico_runtime_init/runtime_init_clocks.c.obj
                0x10001e70                runtime_init_clocks
 .text          0x10001f48       0x10 CMakeFiles/Wifi_led_buzzer.dir/C_/Users/tapet/.pico-sdk/sdk/2.1.0/src/rp2_common/pico_bit_ops/bit_ops_aeabi.S.obj
 .text.ctzsi    0x10001f58        0xc CMakeFiles/Wifi_led_buzzer.dir/C_/Users/tapet/.pico-sdk/sdk/2.1.0/src/rp2_common/pico_bit_ops/bit_ops_aeabi.S.obj
                0x10001f58                __wrap___ctzsi2
 .text.__wrap___aeabi_idiv
                0x10001f64       0x50 CMakeFiles/Wifi_led_buzzer.dir/C_/Users/tapet/.pico-sdk/sdk/2.1.0/src/rp2_common/pico_divider/divider_hardware.S.obj
                0x10001f64                __wrap___aeabi_idivmod
                0x10001f64                divmod_s32s32
                0x10001f64                div_s32s32
                0x10001f64                __wrap___aeabi_idiv
                0x10001f6c                divmod_s32s32_unsafe
                0x10001f98                divmod_s32s32_savestate
 .text.__wrap___aeabi_uidiv
                0x10001fb4       0x4c CMakeFiles/Wifi_led_buzzer.dir/C_/Users/tapet/.pico-sdk/sdk/2.1.0/src/rp2_common/pico_divider/divider_hardware.S.obj
                0x10001fb4                __wrap___aeabi_uidiv
                0x10001fb4                __wrap___aeabi_uidivmod
                0x10001fb4                div_u32u32
                0x10001fb4                divmod_u32u32
                0x10001fbc                divmod_u32u32_unsafe
                0x10001fe4                divmod_u32u32_savestate
 .text.__wrap___aeabi_ldiv
                0x10002000      0x424 CMakeFiles/Wifi_led_buzzer.dir/C_/Users/tapet/.pico-sdk/sdk/2.1.0/src/rp2_common/pico_divider/divider_hardware.S.obj
                0x10002000                div_s64s64
                0x10002000                divmod_s64s64
                0x10002000                __wrap___aeabi_ldivmod
                0x10002030                divmod_u64u64
                0x10002030                div_u64u64
                0x10002030                __wrap___aeabi_uldivmod
                0x10002040                divmod_u64u64_savestate
                0x10002060                divmod_s64s64_unsafe
                0x100020e8                divmod_u64u64_unsafe
 .text.__wrap___aeabi_darithmetic
                0x10002424       0x60 CMakeFiles/Wifi_led_buzzer.dir/C_/Users/tapet/.pico-sdk/sdk/2.1.0/src/rp2_common/pico_double/double_aeabi_rp2040.S.obj
                0x10002424                __wrap___aeabi_drsub
                0x1000242a                __wrap___aeabi_dsub
                0x10002434                __wrap___aeabi_dadd
                0x1000243e                __wrap___aeabi_ddiv
                0x10002472                __wrap___aeabi_dmul
 .text.__wrap___aeabi_cdcmple
                0x10002484       0x6c CMakeFiles/Wifi_led_buzzer.dir/C_/Users/tapet/.pico-sdk/sdk/2.1.0/src/rp2_common/pico_double/double_aeabi_rp2040.S.obj
                0x10002484                __wrap___aeabi_cdrcmple
                0x10002494                __wrap___aeabi_cdcmpeq
                0x10002494                __wrap___aeabi_cdcmple
 .text.__wrap___aeabi_dcmplt
                0x100024f0        0xc CMakeFiles/Wifi_led_buzzer.dir/C_/Users/tapet/.pico-sdk/sdk/2.1.0/src/rp2_common/pico_double/double_aeabi_rp2040.S.obj
                0x100024f0                __wrap___aeabi_dcmplt
 .text.__wrap___aeabi_dcmpge
                0x100024fc       0x10 CMakeFiles/Wifi_led_buzzer.dir/C_/Users/tapet/.pico-sdk/sdk/2.1.0/src/rp2_common/pico_double/double_aeabi_rp2040.S.obj
                0x100024fc                __wrap___aeabi_dcmpge
 .text.__wrap___aeabi_dcmpgt
                0x1000250c        0xa CMakeFiles/Wifi_led_buzzer.dir/C_/Users/tapet/.pico-sdk/sdk/2.1.0/src/rp2_common/pico_double/double_aeabi_rp2040.S.obj
                0x1000250c                __wrap___aeabi_dcmpgt
 .text.__wrap___aeabi_dcmpun
                0x10002516       0x18 CMakeFiles/Wifi_led_buzzer.dir/C_/Users/tapet/.pico-sdk/sdk/2.1.0/src/rp2_common/pico_double/double_aeabi_rp2040.S.obj
                0x10002516                __wrap___aeabi_dcmpun
 *fill*         0x1000252e        0x2 
 .text.__wrap___aeabi_i2d
                0x10002530       0x38 CMakeFiles/Wifi_led_buzzer.dir/C_/Users/tapet/.pico-sdk/sdk/2.1.0/src/rp2_common/pico_double/double_aeabi_rp2040.S.obj
                0x10002530                __wrap___aeabi_ui2d
                0x10002538                __wrap___aeabi_i2d
 .text.__wrap___aeabi_d2iz
                0x10002568       0x48 CMakeFiles/Wifi_led_buzzer.dir/C_/Users/tapet/.pico-sdk/sdk/2.1.0/src/rp2_common/pico_double/double_aeabi_rp2040.S.obj
                0x10002568                double2int_z
                0x10002568                __wrap___aeabi_d2iz
 .text.__wrap___aeabi_d2uiz
                0x100025b0       0x10 CMakeFiles/Wifi_led_buzzer.dir/C_/Users/tapet/.pico-sdk/sdk/2.1.0/src/rp2_common/pico_double/double_aeabi_rp2040.S.obj
                0x100025b0                __wrap___aeabi_d2uiz
                0x100025b0                double2uint
 .text.missing_double_func_shim
                0x100025c0        0xc CMakeFiles/Wifi_led_buzzer.dir/C_/Users/tapet/.pico-sdk/sdk/2.1.0/src/rp2_common/pico_double/double_init_rom_rp2040.c.obj
 .text.__aeabi_double_init
                0x100025cc       0xa0 CMakeFiles/Wifi_led_buzzer.dir/C_/Users/tapet/.pico-sdk/sdk/2.1.0/src/rp2_common/pico_double/double_init_rom_rp2040.c.obj
                0x100025cc                __aeabi_double_init
 .text.double_table_shim_on_use_helper
                0x1000266c       0x2c CMakeFiles/Wifi_led_buzzer.dir/C_/Users/tapet/.pico-sdk/sdk/2.1.0/src/rp2_common/pico_double/double_v1_rom_shim_rp2040.S.obj
                0x1000266c                double_table_shim_on_use_helper
 .text.__aeabi_lmul
                0x10002698       0x32 CMakeFiles/Wifi_led_buzzer.dir/C_/Users/tapet/.pico-sdk/sdk/2.1.0/src/rp2_common/pico_int64_ops/pico_int64_ops_aeabi.S.obj
                0x10002698                __wrap___aeabi_lmul
 *fill*         0x100026ca        0x2 
 .text.__wrap___aeabi_farithmetic
                0x100026cc       0x48 CMakeFiles/Wifi_led_buzzer.dir/C_/Users/tapet/.pico-sdk/sdk/2.1.0/src/rp2_common/pico_float/float_aeabi_rp2040.S.obj
                0x100026cc                __wrap___aeabi_frsub
                0x100026d2                __wrap___aeabi_fsub
                0x100026d8                __wrap___aeabi_fadd
                0x100026de                __wrap___aeabi_fdiv
                0x10002706                __wrap___aeabi_fmul
 .text.__wrap___aeabi_ui2f
                0x10002714        0xa CMakeFiles/Wifi_led_buzzer.dir/C_/Users/tapet/.pico-sdk/sdk/2.1.0/src/rp2_common/pico_float/float_aeabi_rp2040.S.obj
                0x10002714                __wrap___aeabi_ui2f
                0x10002714                uint2float
 *fill*         0x1000271e        0x2 
 .text.__wrap___aeabi_i2f
                0x10002720       0x44 CMakeFiles/Wifi_led_buzzer.dir/C_/Users/tapet/.pico-sdk/sdk/2.1.0/src/rp2_common/pico_float/float_aeabi_rp2040.S.obj
                0x10002720                __wrap___aeabi_i2f
                0x10002720                int2float
 .text.__wrap___aeabi_f2uiz
                0x10002764        0xc CMakeFiles/Wifi_led_buzzer.dir/C_/Users/tapet/.pico-sdk/sdk/2.1.0/src/rp2_common/pico_float/float_aeabi_rp2040.S.obj
                0x10002764                __wrap___aeabi_f2uiz
                0x10002764                float2uint_z
 .text.missing_float_func_shim
                0x10002770        0xc CMakeFiles/Wifi_led_buzzer.dir/C_/Users/tapet/.pico-sdk/sdk/2.1.0/src/rp2_common/pico_float/float_init_rom_rp2040.c.obj
 .text.__aeabi_float_init
                0x1000277c       0x5c CMakeFiles/Wifi_led_buzzer.dir/C_/Users/tapet/.pico-sdk/sdk/2.1.0/src/rp2_common/pico_float/float_init_rom_rp2040.c.obj
                0x1000277c                __aeabi_float_init
 .text          0x100027d8       0x10 CMakeFiles/Wifi_led_buzzer.dir/C_/Users/tapet/.pico-sdk/sdk/2.1.0/src/rp2_common/pico_mem_ops/mem_ops_aeabi.S.obj
                0x100027d8                __aeabi_mem_init
 .text.memset   0x100027e8        0xc CMakeFiles/Wifi_led_buzzer.dir/C_/Users/tapet/.pico-sdk/sdk/2.1.0/src/rp2_common/pico_mem_ops/mem_ops_aeabi.S.obj
                0x100027e8                __wrap_memset
 .text.memcpy   0x100027f4        0xc CMakeFiles/Wifi_led_buzzer.dir/C_/Users/tapet/.pico-sdk/sdk/2.1.0/src/rp2_common/pico_mem_ops/mem_ops_aeabi.S.obj
                0x100027f4                __wrap_memcpy
                0x100027f4                __wrap___aeabi_memcpy
 .text._out_null
                0x10002800        0x4 CMakeFiles/Wifi_led_buzzer.dir/C_/Users/tapet/.pico-sdk/sdk/2.1.0/src/rp2_common/pico_printf/printf.c.obj
 .text._out_rev
                0x10002804       0xac CMakeFiles/Wifi_led_buzzer.dir/C_/Users/tapet/.pico-sdk/sdk/2.1.0/src/rp2_common/pico_printf/printf.c.obj
 .text._ntoa_format
                0x100028b0      0x250 CMakeFiles/Wifi_led_buzzer.dir/C_/Users/tapet/.pico-sdk/sdk/2.1.0/src/rp2_common/pico_printf/printf.c.obj
 .text._out_char
                0x10002b00       0x10 CMakeFiles/Wifi_led_buzzer.dir/C_/Users/tapet/.pico-sdk/sdk/2.1.0/src/rp2_common/pico_printf/printf.c.obj
 .text._out_fct
                0x10002b10       0x10 CMakeFiles/Wifi_led_buzzer.dir/C_/Users/tapet/.pico-sdk/sdk/2.1.0/src/rp2_common/pico_printf/printf.c.obj
 .text._etoa    0x10002b20      0x464 CMakeFiles/Wifi_led_buzzer.dir/C_/Users/tapet/.pico-sdk/sdk/2.1.0/src/rp2_common/pico_printf/printf.c.obj
 .text._ftoa    0x10002f84      0x3c0 CMakeFiles/Wifi_led_buzzer.dir/C_/Users/tapet/.pico-sdk/sdk/2.1.0/src/rp2_common/pico_printf/printf.c.obj
 .text._vsnprintf
                0x10003344      0xbc8 CMakeFiles/Wifi_led_buzzer.dir/C_/Users/tapet/.pico-sdk/sdk/2.1.0/src/rp2_common/pico_printf/printf.c.obj
 .text.vfctprintf
                0x10003f0c       0x20 CMakeFiles/Wifi_led_buzzer.dir/C_/Users/tapet/.pico-sdk/sdk/2.1.0/src/rp2_common/pico_printf/printf.c.obj
                0x10003f0c                vfctprintf
 .text.weak_raw_vprintf
                0x10003f2c       0x30 CMakeFiles/Wifi_led_buzzer.dir/C_/Users/tapet/.pico-sdk/sdk/2.1.0/src/rp2_common/pico_printf/printf.c.obj
                0x10003f2c                weak_raw_vprintf
 .text._exit    0x10003f5c        0x4 CMakeFiles/Wifi_led_buzzer.dir/C_/Users/tapet/.pico-sdk/sdk/2.1.0/src/rp2_common/pico_clib_interface/newlib_interface.c.obj
                0x10003f5c                _exit
 .text.exit     0x10003f60        0x8 CMakeFiles/Wifi_led_buzzer.dir/C_/Users/tapet/.pico-sdk/sdk/2.1.0/src/rp2_common/pico_clib_interface/newlib_interface.c.obj
                0x10003f60                exit
 .text.runtime_init
                0x10003f68       0x2c CMakeFiles/Wifi_led_buzzer.dir/C_/Users/tapet/.pico-sdk/sdk/2.1.0/src/rp2_common/pico_clib_interface/newlib_interface.c.obj
                0x10003f68                runtime_init
 .text.stdio_out_chars_no_crlf
                0x10003f94       0x10 CMakeFiles/Wifi_led_buzzer.dir/C_/Users/tapet/.pico-sdk/sdk/2.1.0/src/rp2_common/pico_stdio/stdio.c.obj
 .text.stdio_out_chars_crlf
                0x10003fa4       0x94 CMakeFiles/Wifi_led_buzzer.dir/C_/Users/tapet/.pico-sdk/sdk/2.1.0/src/rp2_common/pico_stdio/stdio.c.obj
 .text.stdio_buffered_printer
                0x10004038       0x64 CMakeFiles/Wifi_led_buzzer.dir/C_/Users/tapet/.pico-sdk/sdk/2.1.0/src/rp2_common/pico_stdio/stdio.c.obj
 .text.stdio_put_string
                0x1000409c      0x100 CMakeFiles/Wifi_led_buzzer.dir/C_/Users/tapet/.pico-sdk/sdk/2.1.0/src/rp2_common/pico_stdio/stdio.c.obj
                0x1000409c                stdio_put_string
 .text.stdio_set_driver_enabled
                0x1000419c       0x30 CMakeFiles/Wifi_led_buzzer.dir/C_/Users/tapet/.pico-sdk/sdk/2.1.0/src/rp2_common/pico_stdio/stdio.c.obj
                0x1000419c                stdio_set_driver_enabled
 .text.stdio_init_all
                0x100041cc       0x10 CMakeFiles/Wifi_led_buzzer.dir/C_/Users/tapet/.pico-sdk/sdk/2.1.0/src/rp2_common/pico_stdio/stdio.c.obj
                0x100041cc                stdio_init_all
 .text.__wrap_putchar
                0x100041dc       0x98 CMakeFiles/Wifi_led_buzzer.dir/C_/Users/tapet/.pico-sdk/sdk/2.1.0/src/rp2_common/pico_stdio/stdio.c.obj
                0x100041dc                __wrap_putchar
                0x100041dc                stdio_putchar
 .text.__wrap_puts
                0x10004274       0x3c CMakeFiles/Wifi_led_buzzer.dir/C_/Users/tapet/.pico-sdk/sdk/2.1.0/src/rp2_common/pico_stdio/stdio.c.obj
                0x10004274                stdio_puts
                0x10004274                __wrap_puts
 .text.__wrap_vprintf
                0x100042b0       0xd4 CMakeFiles/Wifi_led_buzzer.dir/C_/Users/tapet/.pico-sdk/sdk/2.1.0/src/rp2_common/pico_stdio/stdio.c.obj
                0x100042b0                stdio_vprintf
                0x100042b0                __wrap_vprintf
 .text.__wrap_printf
                0x10004384       0x18 CMakeFiles/Wifi_led_buzzer.dir/C_/Users/tapet/.pico-sdk/sdk/2.1.0/src/rp2_common/pico_stdio/stdio.c.obj
                0x10004384                __wrap_printf
                0x10004384                stdio_printf
 .text.stdio_uart_out_chars
                0x1000439c       0x4c CMakeFiles/Wifi_led_buzzer.dir/C_/Users/tapet/.pico-sdk/sdk/2.1.0/src/rp2_common/pico_stdio_uart/stdio_uart.c.obj
 .text.stdio_uart_in_chars
                0x100043e8       0x90 CMakeFiles/Wifi_led_buzzer.dir/C_/Users/tapet/.pico-sdk/sdk/2.1.0/src/rp2_common/pico_stdio_uart/stdio_uart.c.obj
                0x100043e8                stdio_uart_in_chars
 .text.on_uart_rx
                0x10004478       0x28 CMakeFiles/Wifi_led_buzzer.dir/C_/Users/tapet/.pico-sdk/sdk/2.1.0/src/rp2_common/pico_stdio_uart/stdio_uart.c.obj
 .text.stdio_uart_out_flush
                0x100044a0       0x14 CMakeFiles/Wifi_led_buzzer.dir/C_/Users/tapet/.pico-sdk/sdk/2.1.0/src/rp2_common/pico_stdio_uart/stdio_uart.c.obj
 .text.stdio_uart_set_chars_available_callback
                0x100044b4       0x84 CMakeFiles/Wifi_led_buzzer.dir/C_/Users/tapet/.pico-sdk/sdk/2.1.0/src/rp2_common/pico_stdio_uart/stdio_uart.c.obj
 .text.stdio_uart_init
                0x10004538       0x50 CMakeFiles/Wifi_led_buzzer.dir/C_/Users/tapet/.pico-sdk/sdk/2.1.0/src/rp2_common/pico_stdio_uart/stdio_uart.c.obj
                0x10004538                stdio_uart_init
 .text.resetd_init
                0x10004588        0x4 CMakeFiles/Wifi_led_buzzer.dir/C_/Users/tapet/.pico-sdk/sdk/2.1.0/src/rp2_common/pico_stdio_usb/reset_interface.c.obj
 .text.resetd_reset
                0x1000458c        0xc CMakeFiles/Wifi_led_buzzer.dir/C_/Users/tapet/.pico-sdk/sdk/2.1.0/src/rp2_common/pico_stdio_usb/reset_interface.c.obj
 .text.resetd_open
                0x10004598       0x28 CMakeFiles/Wifi_led_buzzer.dir/C_/Users/tapet/.pico-sdk/sdk/2.1.0/src/rp2_common/pico_stdio_usb/reset_interface.c.obj
 .text.resetd_xfer_cb
                0x100045c0        0x4 CMakeFiles/Wifi_led_buzzer.dir/C_/Users/tapet/.pico-sdk/sdk/2.1.0/src/rp2_common/pico_stdio_usb/reset_interface.c.obj
 .text.resetd_control_xfer_cb
                0x100045c4       0x5c CMakeFiles/Wifi_led_buzzer.dir/C_/Users/tapet/.pico-sdk/sdk/2.1.0/src/rp2_common/pico_stdio_usb/reset_interface.c.obj
 .text.tud_descriptor_bos_cb
                0x10004620        0x8 CMakeFiles/Wifi_led_buzzer.dir/C_/Users/tapet/.pico-sdk/sdk/2.1.0/src/rp2_common/pico_stdio_usb/reset_interface.c.obj
                0x10004620                tud_descriptor_bos_cb
 .text.tud_vendor_control_xfer_cb
                0x10004628       0x34 CMakeFiles/Wifi_led_buzzer.dir/C_/Users/tapet/.pico-sdk/sdk/2.1.0/src/rp2_common/pico_stdio_usb/reset_interface.c.obj
                0x10004628                tud_vendor_control_xfer_cb
 .text.usbd_app_driver_get_cb
                0x1000465c        0xc CMakeFiles/Wifi_led_buzzer.dir/C_/Users/tapet/.pico-sdk/sdk/2.1.0/src/rp2_common/pico_stdio_usb/reset_interface.c.obj
                0x1000465c                usbd_app_driver_get_cb
 .text.tud_cdc_line_coding_cb
                0x10004668       0x2c CMakeFiles/Wifi_led_buzzer.dir/C_/Users/tapet/.pico-sdk/sdk/2.1.0/src/rp2_common/pico_stdio_usb/reset_interface.c.obj
                0x10004668                tud_cdc_line_coding_cb
 .text.stdio_usb_set_chars_available_callback
                0x10004694       0x14 CMakeFiles/Wifi_led_buzzer.dir/C_/Users/tapet/.pico-sdk/sdk/2.1.0/src/rp2_common/pico_stdio_usb/stdio_usb.c.obj
                0x10004694                stdio_usb_set_chars_available_callback
 .text.usb_irq  0x100046a8       0x10 CMakeFiles/Wifi_led_buzzer.dir/C_/Users/tapet/.pico-sdk/sdk/2.1.0/src/rp2_common/pico_stdio_usb/stdio_usb.c.obj
 .text.timer_task
                0x100046b8       0x64 CMakeFiles/Wifi_led_buzzer.dir/C_/Users/tapet/.pico-sdk/sdk/2.1.0/src/rp2_common/pico_stdio_usb/stdio_usb.c.obj
 .text.stdio_usb_in_chars
                0x1000471c       0x90 CMakeFiles/Wifi_led_buzzer.dir/C_/Users/tapet/.pico-sdk/sdk/2.1.0/src/rp2_common/pico_stdio_usb/stdio_usb.c.obj
                0x1000471c                stdio_usb_in_chars
 .text.stdio_usb_out_flush
                0x100047ac       0x50 CMakeFiles/Wifi_led_buzzer.dir/C_/Users/tapet/.pico-sdk/sdk/2.1.0/src/rp2_common/pico_stdio_usb/stdio_usb.c.obj
 .text.stdio_usb_out_chars
                0x100047fc      0x104 CMakeFiles/Wifi_led_buzzer.dir/C_/Users/tapet/.pico-sdk/sdk/2.1.0/src/rp2_common/pico_stdio_usb/stdio_usb.c.obj
 .text.low_priority_worker_irq
                0x10004900       0xcc CMakeFiles/Wifi_led_buzzer.dir/C_/Users/tapet/.pico-sdk/sdk/2.1.0/src/rp2_common/pico_stdio_usb/stdio_usb.c.obj
 .text.stdio_usb_init
                0x100049cc       0xe8 CMakeFiles/Wifi_led_buzzer.dir/C_/Users/tapet/.pico-sdk/sdk/2.1.0/src/rp2_common/pico_stdio_usb/stdio_usb.c.obj
                0x100049cc                stdio_usb_init
 .text.tud_descriptor_device_cb
                0x10004ab4        0x8 CMakeFiles/Wifi_led_buzzer.dir/C_/Users/tapet/.pico-sdk/sdk/2.1.0/src/rp2_common/pico_stdio_usb/stdio_usb_descriptors.c.obj
                0x10004ab4                tud_descriptor_device_cb
 .text.tud_descriptor_configuration_cb
                0x10004abc        0x8 CMakeFiles/Wifi_led_buzzer.dir/C_/Users/tapet/.pico-sdk/sdk/2.1.0/src/rp2_common/pico_stdio_usb/stdio_usb_descriptors.c.obj
                0x10004abc                tud_descriptor_configuration_cb
 .text.tud_descriptor_string_cb
                0x10004ac4       0x78 CMakeFiles/Wifi_led_buzzer.dir/C_/Users/tapet/.pico-sdk/sdk/2.1.0/src/rp2_common/pico_stdio_usb/stdio_usb_descriptors.c.obj
                0x10004ac4                tud_descriptor_string_cb
 .text.startup._retrieve_unique_id_on_boot
                0x10004b3c       0x10 CMakeFiles/Wifi_led_buzzer.dir/C_/Users/tapet/.pico-sdk/sdk/2.1.0/src/rp2_common/pico_unique_id/unique_id.c.obj
 .text.pico_get_unique_board_id
                0x10004b4c       0x10 CMakeFiles/Wifi_led_buzzer.dir/C_/Users/tapet/.pico-sdk/sdk/2.1.0/src/rp2_common/pico_unique_id/unique_id.c.obj
                0x10004b4c                pico_get_unique_board_id
 .text.pico_get_unique_board_id_string
                0x10004b5c      0x1a8 CMakeFiles/Wifi_led_buzzer.dir/C_/Users/tapet/.pico-sdk/sdk/2.1.0/src/rp2_common/pico_unique_id/unique_id.c.obj
                0x10004b5c                pico_get_unique_board_id_string
 .text.flash_get_unique_id
                0x10004d04       0x3c CMakeFiles/Wifi_led_buzzer.dir/C_/Users/tapet/.pico-sdk/sdk/2.1.0/src/rp2_common/hardware_flash/flash.c.obj
                0x10004d04                flash_get_unique_id
 .text.dcd_init
                0x10004d40       0x8c CMakeFiles/Wifi_led_buzzer.dir/C_/Users/tapet/.pico-sdk/sdk/2.1.0/lib/tinyusb/src/portable/raspberrypi/rp2040/dcd_rp2040.c.obj
                0x10004d40                dcd_init
 .text.dcd_int_enable
                0x10004dcc        0xc CMakeFiles/Wifi_led_buzzer.dir/C_/Users/tapet/.pico-sdk/sdk/2.1.0/lib/tinyusb/src/portable/raspberrypi/rp2040/dcd_rp2040.c.obj
                0x10004dcc                dcd_int_enable
 .text.dcd_set_address
                0x10004dd8       0x14 CMakeFiles/Wifi_led_buzzer.dir/C_/Users/tapet/.pico-sdk/sdk/2.1.0/lib/tinyusb/src/portable/raspberrypi/rp2040/dcd_rp2040.c.obj
                0x10004dd8                dcd_set_address
 .text.dcd_sof_enable
                0x10004dec       0x1c CMakeFiles/Wifi_led_buzzer.dir/C_/Users/tapet/.pico-sdk/sdk/2.1.0/lib/tinyusb/src/portable/raspberrypi/rp2040/dcd_rp2040.c.obj
                0x10004dec                dcd_sof_enable
 .text.dcd_edpt0_status_complete
                0x10004e08       0x1c CMakeFiles/Wifi_led_buzzer.dir/C_/Users/tapet/.pico-sdk/sdk/2.1.0/lib/tinyusb/src/portable/raspberrypi/rp2040/dcd_rp2040.c.obj
                0x10004e08                dcd_edpt0_status_complete
 .text.dcd_edpt_open
                0x10004e24      0x108 CMakeFiles/Wifi_led_buzzer.dir/C_/Users/tapet/.pico-sdk/sdk/2.1.0/lib/tinyusb/src/portable/raspberrypi/rp2040/dcd_rp2040.c.obj
                0x10004e24                dcd_edpt_open
 .text.dcd_edpt_close_all
                0x10004f2c        0x8 CMakeFiles/Wifi_led_buzzer.dir/C_/Users/tapet/.pico-sdk/sdk/2.1.0/lib/tinyusb/src/portable/raspberrypi/rp2040/dcd_rp2040.c.obj
                0x10004f2c                dcd_edpt_close_all
 .text.dcd_edpt_xfer
                0x10004f34       0x24 CMakeFiles/Wifi_led_buzzer.dir/C_/Users/tapet/.pico-sdk/sdk/2.1.0/lib/tinyusb/src/portable/raspberrypi/rp2040/dcd_rp2040.c.obj
                0x10004f34                dcd_edpt_xfer
 .text.dcd_edpt_stall
                0x10004f58       0x34 CMakeFiles/Wifi_led_buzzer.dir/C_/Users/tapet/.pico-sdk/sdk/2.1.0/lib/tinyusb/src/portable/raspberrypi/rp2040/dcd_rp2040.c.obj
                0x10004f58                dcd_edpt_stall
 .text.dcd_edpt_clear_stall
                0x10004f8c       0x30 CMakeFiles/Wifi_led_buzzer.dir/C_/Users/tapet/.pico-sdk/sdk/2.1.0/lib/tinyusb/src/portable/raspberrypi/rp2040/dcd_rp2040.c.obj
                0x10004f8c                dcd_edpt_clear_stall
 .text.rp2040_usb_init
                0x10004fbc       0x40 CMakeFiles/Wifi_led_buzzer.dir/C_/Users/tapet/.pico-sdk/sdk/2.1.0/lib/tinyusb/src/portable/raspberrypi/rp2040/rp2040_usb.c.obj
                0x10004fbc                rp2040_usb_init
 .text.hw_endpoint_xfer_start
                0x10004ffc       0x40 CMakeFiles/Wifi_led_buzzer.dir/C_/Users/tapet/.pico-sdk/sdk/2.1.0/lib/tinyusb/src/portable/raspberrypi/rp2040/rp2040_usb.c.obj
                0x10004ffc                hw_endpoint_xfer_start
 .text.tud_event_hook_cb
                0x1000503c        0x4 CMakeFiles/Wifi_led_buzzer.dir/C_/Users/tapet/.pico-sdk/sdk/2.1.0/lib/tinyusb/src/device/usbd.c.obj
                0x1000503c                tud_event_hook_cb
 .text.tud_sof_cb
                0x10005040        0x4 CMakeFiles/Wifi_led_buzzer.dir/C_/Users/tapet/.pico-sdk/sdk/2.1.0/lib/tinyusb/src/device/usbd.c.obj
                0x10005040                tud_sof_cb
 .text.tud_descriptor_device_qualifier_cb
                0x10005044        0x4 CMakeFiles/Wifi_led_buzzer.dir/C_/Users/tapet/.pico-sdk/sdk/2.1.0/lib/tinyusb/src/device/usbd.c.obj
                0x10005044                tud_descriptor_device_qualifier_cb
 .text.tud_descriptor_other_speed_configuration_cb
                0x10005048        0x4 CMakeFiles/Wifi_led_buzzer.dir/C_/Users/tapet/.pico-sdk/sdk/2.1.0/lib/tinyusb/src/device/usbd.c.obj
                0x10005048                tud_descriptor_other_speed_configuration_cb
 .text.tud_mount_cb
                0x1000504c        0x4 CMakeFiles/Wifi_led_buzzer.dir/C_/Users/tapet/.pico-sdk/sdk/2.1.0/lib/tinyusb/src/device/usbd.c.obj
                0x1000504c                tud_mount_cb
 .text.tud_umount_cb
                0x10005050        0x4 CMakeFiles/Wifi_led_buzzer.dir/C_/Users/tapet/.pico-sdk/sdk/2.1.0/lib/tinyusb/src/device/usbd.c.obj
                0x10005050                tud_umount_cb
 .text.tud_suspend_cb
                0x10005054        0x4 CMakeFiles/Wifi_led_buzzer.dir/C_/Users/tapet/.pico-sdk/sdk/2.1.0/lib/tinyusb/src/device/usbd.c.obj
                0x10005054                tud_suspend_cb
 .text.tud_resume_cb
                0x10005058        0x4 CMakeFiles/Wifi_led_buzzer.dir/C_/Users/tapet/.pico-sdk/sdk/2.1.0/lib/tinyusb/src/device/usbd.c.obj
                0x10005058                tud_resume_cb
 .text.tud_mounted
                0x1000505c       0x10 CMakeFiles/Wifi_led_buzzer.dir/C_/Users/tapet/.pico-sdk/sdk/2.1.0/lib/tinyusb/src/device/usbd.c.obj
                0x1000505c                tud_mounted
 .text.tud_suspended
                0x1000506c       0x10 CMakeFiles/Wifi_led_buzzer.dir/C_/Users/tapet/.pico-sdk/sdk/2.1.0/lib/tinyusb/src/device/usbd.c.obj
                0x1000506c                tud_suspended
 .text.tud_init
                0x1000507c       0xe4 CMakeFiles/Wifi_led_buzzer.dir/C_/Users/tapet/.pico-sdk/sdk/2.1.0/lib/tinyusb/src/device/usbd.c.obj
                0x1000507c                tud_init
 .text.tud_task_ext
                0x10005160      0x800 CMakeFiles/Wifi_led_buzzer.dir/C_/Users/tapet/.pico-sdk/sdk/2.1.0/lib/tinyusb/src/device/usbd.c.obj
                0x10005160                tud_task_ext
 .text.usbd_open_edpt_pair
                0x10005960       0x9c CMakeFiles/Wifi_led_buzzer.dir/C_/Users/tapet/.pico-sdk/sdk/2.1.0/lib/tinyusb/src/device/usbd.c.obj
                0x10005960                usbd_open_edpt_pair
 .text.usbd_edpt_open
                0x100059fc       0x34 CMakeFiles/Wifi_led_buzzer.dir/C_/Users/tapet/.pico-sdk/sdk/2.1.0/lib/tinyusb/src/device/usbd.c.obj
                0x100059fc                usbd_edpt_open
 .text.usbd_edpt_claim
                0x10005a30       0x28 CMakeFiles/Wifi_led_buzzer.dir/C_/Users/tapet/.pico-sdk/sdk/2.1.0/lib/tinyusb/src/device/usbd.c.obj
                0x10005a30                usbd_edpt_claim
 .text.usbd_edpt_release
                0x10005a58       0x28 CMakeFiles/Wifi_led_buzzer.dir/C_/Users/tapet/.pico-sdk/sdk/2.1.0/lib/tinyusb/src/device/usbd.c.obj
                0x10005a58                usbd_edpt_release
 .text.usbd_edpt_xfer
                0x10005a80       0x4c CMakeFiles/Wifi_led_buzzer.dir/C_/Users/tapet/.pico-sdk/sdk/2.1.0/lib/tinyusb/src/device/usbd.c.obj
                0x10005a80                usbd_edpt_xfer
 .text.tud_control_status
                0x10005acc       0x2c CMakeFiles/Wifi_led_buzzer.dir/C_/Users/tapet/.pico-sdk/sdk/2.1.0/lib/tinyusb/src/device/usbd_control.c.obj
                0x10005acc                tud_control_status
 .text.tud_control_xfer
                0x10005af8       0xac CMakeFiles/Wifi_led_buzzer.dir/C_/Users/tapet/.pico-sdk/sdk/2.1.0/lib/tinyusb/src/device/usbd_control.c.obj
                0x10005af8                tud_control_xfer
 .text.usbd_control_reset
                0x10005ba4       0x14 CMakeFiles/Wifi_led_buzzer.dir/C_/Users/tapet/.pico-sdk/sdk/2.1.0/lib/tinyusb/src/device/usbd_control.c.obj
                0x10005ba4                usbd_control_reset
 .text.usbd_control_set_complete_callback
                0x10005bb8        0xc CMakeFiles/Wifi_led_buzzer.dir/C_/Users/tapet/.pico-sdk/sdk/2.1.0/lib/tinyusb/src/device/usbd_control.c.obj
                0x10005bb8                usbd_control_set_complete_callback
 .text.usbd_control_set_request
                0x10005bc4       0x1c CMakeFiles/Wifi_led_buzzer.dir/C_/Users/tapet/.pico-sdk/sdk/2.1.0/lib/tinyusb/src/device/usbd_control.c.obj
                0x10005bc4                usbd_control_set_request
 .text.usbd_control_xfer_cb
                0x10005be0       0xec CMakeFiles/Wifi_led_buzzer.dir/C_/Users/tapet/.pico-sdk/sdk/2.1.0/lib/tinyusb/src/device/usbd_control.c.obj
                0x10005be0                usbd_control_xfer_cb
 .text._prep_out_transaction.isra.0
                0x10005ccc       0x5c CMakeFiles/Wifi_led_buzzer.dir/C_/Users/tapet/.pico-sdk/sdk/2.1.0/lib/tinyusb/src/class/cdc/cdc_device.c.obj
 .text.tud_cdc_n_connected
                0x10005d28       0x30 CMakeFiles/Wifi_led_buzzer.dir/C_/Users/tapet/.pico-sdk/sdk/2.1.0/lib/tinyusb/src/class/cdc/cdc_device.c.obj
                0x10005d28                tud_cdc_n_connected
 .text.tud_cdc_n_available
                0x10005d58       0x18 CMakeFiles/Wifi_led_buzzer.dir/C_/Users/tapet/.pico-sdk/sdk/2.1.0/lib/tinyusb/src/class/cdc/cdc_device.c.obj
                0x10005d58                tud_cdc_n_available
 .text.tud_cdc_n_read
                0x10005d70       0x98 CMakeFiles/Wifi_led_buzzer.dir/C_/Users/tapet/.pico-sdk/sdk/2.1.0/lib/tinyusb/src/class/cdc/cdc_device.c.obj
                0x10005d70                tud_cdc_n_read
 .text.tud_cdc_n_write_flush
                0x10005e08       0x78 CMakeFiles/Wifi_led_buzzer.dir/C_/Users/tapet/.pico-sdk/sdk/2.1.0/lib/tinyusb/src/class/cdc/cdc_device.c.obj
                0x10005e08                tud_cdc_n_write_flush
 .text.tud_cdc_n_write
                0x10005e80       0x40 CMakeFiles/Wifi_led_buzzer.dir/C_/Users/tapet/.pico-sdk/sdk/2.1.0/lib/tinyusb/src/class/cdc/cdc_device.c.obj
                0x10005e80                tud_cdc_n_write
 .text.tud_cdc_n_write_available
                0x10005ec0       0x18 CMakeFiles/Wifi_led_buzzer.dir/C_/Users/tapet/.pico-sdk/sdk/2.1.0/lib/tinyusb/src/class/cdc/cdc_device.c.obj
                0x10005ec0                tud_cdc_n_write_available
 .text.cdcd_init
                0x10005ed8       0x7c CMakeFiles/Wifi_led_buzzer.dir/C_/Users/tapet/.pico-sdk/sdk/2.1.0/lib/tinyusb/src/class/cdc/cdc_device.c.obj
                0x10005ed8                cdcd_init
 .text.cdcd_deinit
                0x10005f54       0x34 CMakeFiles/Wifi_led_buzzer.dir/C_/Users/tapet/.pico-sdk/sdk/2.1.0/lib/tinyusb/src/class/cdc/cdc_device.c.obj
                0x10005f54                cdcd_deinit
 .text.cdcd_reset
                0x10005f88       0x4c CMakeFiles/Wifi_led_buzzer.dir/C_/Users/tapet/.pico-sdk/sdk/2.1.0/lib/tinyusb/src/class/cdc/cdc_device.c.obj
                0x10005f88                cdcd_reset
 .text.cdcd_open
                0x10005fd4       0xb0 CMakeFiles/Wifi_led_buzzer.dir/C_/Users/tapet/.pico-sdk/sdk/2.1.0/lib/tinyusb/src/class/cdc/cdc_device.c.obj
                0x10005fd4                cdcd_open
 .text.cdcd_control_xfer_cb
                0x10006084       0xe4 CMakeFiles/Wifi_led_buzzer.dir/C_/Users/tapet/.pico-sdk/sdk/2.1.0/lib/tinyusb/src/class/cdc/cdc_device.c.obj
                0x10006084                cdcd_control_xfer_cb
 .text.cdcd_xfer_cb
                0x10006168      0x100 CMakeFiles/Wifi_led_buzzer.dir/C_/Users/tapet/.pico-sdk/sdk/2.1.0/lib/tinyusb/src/class/cdc/cdc_device.c.obj
                0x10006168                cdcd_xfer_cb
 .text.vendord_init
                0x10006268       0x5c CMakeFiles/Wifi_led_buzzer.dir/C_/Users/tapet/.pico-sdk/sdk/2.1.0/lib/tinyusb/src/class/vendor/vendor_device.c.obj
                0x10006268                vendord_init
 .text.vendord_deinit
                0x100062c4       0x1c CMakeFiles/Wifi_led_buzzer.dir/C_/Users/tapet/.pico-sdk/sdk/2.1.0/lib/tinyusb/src/class/vendor/vendor_device.c.obj
                0x100062c4                vendord_deinit
 .text.vendord_reset
                0x100062e0       0x20 CMakeFiles/Wifi_led_buzzer.dir/C_/Users/tapet/.pico-sdk/sdk/2.1.0/lib/tinyusb/src/class/vendor/vendor_device.c.obj
                0x100062e0                vendord_reset
 .text.vendord_open
                0x10006300      0x138 CMakeFiles/Wifi_led_buzzer.dir/C_/Users/tapet/.pico-sdk/sdk/2.1.0/lib/tinyusb/src/class/vendor/vendor_device.c.obj
                0x10006300                vendord_open
 .text.vendord_xfer_cb
                0x10006438       0x9c CMakeFiles/Wifi_led_buzzer.dir/C_/Users/tapet/.pico-sdk/sdk/2.1.0/lib/tinyusb/src/class/vendor/vendor_device.c.obj
                0x10006438                vendord_xfer_cb
 .text.tusb_init
                0x100064d4        0xc CMakeFiles/Wifi_led_buzzer.dir/C_/Users/tapet/.pico-sdk/sdk/2.1.0/lib/tinyusb/src/tusb.c.obj
                0x100064d4                tusb_init
 .text.tu_edpt_claim
                0x100064e0       0x50 CMakeFiles/Wifi_led_buzzer.dir/C_/Users/tapet/.pico-sdk/sdk/2.1.0/lib/tinyusb/src/tusb.c.obj
                0x100064e0                tu_edpt_claim
 .text.tu_edpt_release
                0x10006530       0x38 CMakeFiles/Wifi_led_buzzer.dir/C_/Users/tapet/.pico-sdk/sdk/2.1.0/lib/tinyusb/src/tusb.c.obj
                0x10006530                tu_edpt_release
 .text.tu_edpt_validate
                0x10006568       0x7c CMakeFiles/Wifi_led_buzzer.dir/C_/Users/tapet/.pico-sdk/sdk/2.1.0/lib/tinyusb/src/tusb.c.obj
                0x10006568                tu_edpt_validate
 .text.tu_edpt_bind_driver
                0x100065e4       0x34 CMakeFiles/Wifi_led_buzzer.dir/C_/Users/tapet/.pico-sdk/sdk/2.1.0/lib/tinyusb/src/tusb.c.obj
                0x100065e4                tu_edpt_bind_driver
 .text.tu_edpt_stream_init
                0x10006618       0x6c CMakeFiles/Wifi_led_buzzer.dir/C_/Users/tapet/.pico-sdk/sdk/2.1.0/lib/tinyusb/src/tusb.c.obj
                0x10006618                tu_edpt_stream_init
 .text.tu_edpt_stream_deinit
                0x10006684        0x4 CMakeFiles/Wifi_led_buzzer.dir/C_/Users/tapet/.pico-sdk/sdk/2.1.0/lib/tinyusb/src/tusb.c.obj
                0x10006684                tu_edpt_stream_deinit
 .text.tu_edpt_stream_write_zlp_if_needed
                0x10006688       0x68 CMakeFiles/Wifi_led_buzzer.dir/C_/Users/tapet/.pico-sdk/sdk/2.1.0/lib/tinyusb/src/tusb.c.obj
                0x10006688                tu_edpt_stream_write_zlp_if_needed
 .text.tu_edpt_stream_write_xfer
                0x100066f0       0x64 CMakeFiles/Wifi_led_buzzer.dir/C_/Users/tapet/.pico-sdk/sdk/2.1.0/lib/tinyusb/src/tusb.c.obj
                0x100066f0                tu_edpt_stream_write_xfer
 .text.tu_edpt_stream_read_xfer
                0x10006754       0xdc CMakeFiles/Wifi_led_buzzer.dir/C_/Users/tapet/.pico-sdk/sdk/2.1.0/lib/tinyusb/src/tusb.c.obj
                0x10006754                tu_edpt_stream_read_xfer
 .text.tu_fifo_config
                0x10006830       0x6c CMakeFiles/Wifi_led_buzzer.dir/C_/Users/tapet/.pico-sdk/sdk/2.1.0/lib/tinyusb/src/common/tusb_fifo.c.obj
                0x10006830                tu_fifo_config
 .text.tu_fifo_count
                0x1000689c       0x2c CMakeFiles/Wifi_led_buzzer.dir/C_/Users/tapet/.pico-sdk/sdk/2.1.0/lib/tinyusb/src/common/tusb_fifo.c.obj
                0x1000689c                tu_fifo_count
 .text.tu_fifo_empty
                0x100068c8       0x10 CMakeFiles/Wifi_led_buzzer.dir/C_/Users/tapet/.pico-sdk/sdk/2.1.0/lib/tinyusb/src/common/tusb_fifo.c.obj
                0x100068c8                tu_fifo_empty
 .text.tu_fifo_remaining
                0x100068d8       0x2c CMakeFiles/Wifi_led_buzzer.dir/C_/Users/tapet/.pico-sdk/sdk/2.1.0/lib/tinyusb/src/common/tusb_fifo.c.obj
                0x100068d8                tu_fifo_remaining
 .text.tu_fifo_read
                0x10006904       0x9c CMakeFiles/Wifi_led_buzzer.dir/C_/Users/tapet/.pico-sdk/sdk/2.1.0/lib/tinyusb/src/common/tusb_fifo.c.obj
                0x10006904                tu_fifo_read
 .text.tu_fifo_read_n
                0x100069a0       0xe8 CMakeFiles/Wifi_led_buzzer.dir/C_/Users/tapet/.pico-sdk/sdk/2.1.0/lib/tinyusb/src/common/tusb_fifo.c.obj
                0x100069a0                tu_fifo_read_n
 .text.tu_fifo_write
                0x10006a88       0xa8 CMakeFiles/Wifi_led_buzzer.dir/C_/Users/tapet/.pico-sdk/sdk/2.1.0/lib/tinyusb/src/common/tusb_fifo.c.obj
                0x10006a88                tu_fifo_write
 .text.tu_fifo_write_n
                0x10006b30      0x178 CMakeFiles/Wifi_led_buzzer.dir/C_/Users/tapet/.pico-sdk/sdk/2.1.0/lib/tinyusb/src/common/tusb_fifo.c.obj
                0x10006b30                tu_fifo_write_n
 .text.tu_fifo_clear
                0x10006ca8       0x40 CMakeFiles/Wifi_led_buzzer.dir/C_/Users/tapet/.pico-sdk/sdk/2.1.0/lib/tinyusb/src/common/tusb_fifo.c.obj
                0x10006ca8                tu_fifo_clear
 .text.tu_fifo_set_overwritable
                0x10006ce8       0x48 CMakeFiles/Wifi_led_buzzer.dir/C_/Users/tapet/.pico-sdk/sdk/2.1.0/lib/tinyusb/src/common/tusb_fifo.c.obj
                0x10006ce8                tu_fifo_set_overwritable
 .text.lwip_timeout_reached
                0x10006d30        0x8 CMakeFiles/Wifi_led_buzzer.dir/C_/Users/tapet/.pico-sdk/sdk/2.1.0/src/rp2_common/pico_lwip/lwip_nosys.c.obj
 .text.update_next_timeout
                0x10006d38       0x60 CMakeFiles/Wifi_led_buzzer.dir/C_/Users/tapet/.pico-sdk/sdk/2.1.0/src/rp2_common/pico_lwip/lwip_nosys.c.obj
 .text.lwip_nosys_init
                0x10006d98       0x30 CMakeFiles/Wifi_led_buzzer.dir/C_/Users/tapet/.pico-sdk/sdk/2.1.0/src/rp2_common/pico_lwip/lwip_nosys.c.obj
                0x10006d98                lwip_nosys_init
 .text.lwip_nosys_deinit
                0x10006dc8       0x20 CMakeFiles/Wifi_led_buzzer.dir/C_/Users/tapet/.pico-sdk/sdk/2.1.0/src/rp2_common/pico_lwip/lwip_nosys.c.obj
                0x10006dc8                lwip_nosys_deinit
 .text.sys_arch_protect
                0x10006de8        0x4 CMakeFiles/Wifi_led_buzzer.dir/C_/Users/tapet/.pico-sdk/sdk/2.1.0/src/rp2_common/pico_lwip/lwip_nosys.c.obj
                0x10006de8                sys_arch_protect
 .text.sys_arch_unprotect
                0x10006dec        0x4 CMakeFiles/Wifi_led_buzzer.dir/C_/Users/tapet/.pico-sdk/sdk/2.1.0/src/rp2_common/pico_lwip/lwip_nosys.c.obj
                0x10006dec                sys_arch_unprotect
 .text.sys_now  0x10006df0       0x20 CMakeFiles/Wifi_led_buzzer.dir/C_/Users/tapet/.pico-sdk/sdk/2.1.0/src/rp2_common/pico_lwip/lwip_nosys.c.obj
                0x10006df0                sys_now
 .text.async_context_base_add_at_time_worker
                0x10006e10       0x24 CMakeFiles/Wifi_led_buzzer.dir/C_/Users/tapet/.pico-sdk/sdk/2.1.0/src/rp2_common/pico_async_context/async_context_base.c.obj
                0x10006e10                async_context_base_add_at_time_worker
 .text.async_context_base_remove_at_time_worker
                0x10006e34       0x28 CMakeFiles/Wifi_led_buzzer.dir/C_/Users/tapet/.pico-sdk/sdk/2.1.0/src/rp2_common/pico_async_context/async_context_base.c.obj
                0x10006e34                async_context_base_remove_at_time_worker
 .text.async_context_base_add_when_pending_worker
                0x10006e5c       0x24 CMakeFiles/Wifi_led_buzzer.dir/C_/Users/tapet/.pico-sdk/sdk/2.1.0/src/rp2_common/pico_async_context/async_context_base.c.obj
                0x10006e5c                async_context_base_add_when_pending_worker
 .text.async_context_base_remove_when_pending_worker
                0x10006e80       0x28 CMakeFiles/Wifi_led_buzzer.dir/C_/Users/tapet/.pico-sdk/sdk/2.1.0/src/rp2_common/pico_async_context/async_context_base.c.obj
                0x10006e80                async_context_base_remove_when_pending_worker
 .text.async_context_base_execute_once
                0x10006ea8      0x108 CMakeFiles/Wifi_led_buzzer.dir/C_/Users/tapet/.pico-sdk/sdk/2.1.0/src/rp2_common/pico_async_context/async_context_base.c.obj
                0x10006ea8                async_context_base_execute_once
 .text.splitmix64
                0x10006fb0       0x58 CMakeFiles/Wifi_led_buzzer.dir/C_/Users/tapet/.pico-sdk/sdk/2.1.0/src/rp2_common/pico_rand/rand.c.obj
 .text.xoroshiro128ss
                0x10007008       0x90 CMakeFiles/Wifi_led_buzzer.dir/C_/Users/tapet/.pico-sdk/sdk/2.1.0/src/rp2_common/pico_rand/rand.c.obj
 .text.get_rand_64
                0x10007098      0x4a4 CMakeFiles/Wifi_led_buzzer.dir/C_/Users/tapet/.pico-sdk/sdk/2.1.0/src/rp2_common/pico_rand/rand.c.obj
                0x10007098                get_rand_64
 .text.get_rand_32
                0x1000753c        0x8 CMakeFiles/Wifi_led_buzzer.dir/C_/Users/tapet/.pico-sdk/sdk/2.1.0/src/rp2_common/pico_rand/rand.c.obj
                0x1000753c                get_rand_32
 .text.lwip_init
                0x10007544       0x24 CMakeFiles/Wifi_led_buzzer.dir/C_/Users/tapet/.pico-sdk/sdk/2.1.0/lib/lwip/src/core/init.c.obj
                0x10007544                lwip_init
 .text.lwip_htons
                0x10007568        0x8 CMakeFiles/Wifi_led_buzzer.dir/C_/Users/tapet/.pico-sdk/sdk/2.1.0/lib/lwip/src/core/def.c.obj
                0x10007568                lwip_htons
 .text.lwip_htonl
                0x10007570        0x4 CMakeFiles/Wifi_led_buzzer.dir/C_/Users/tapet/.pico-sdk/sdk/2.1.0/lib/lwip/src/core/def.c.obj
                0x10007570                lwip_htonl
 .text.dns_call_found
                0x10007574      0x184 CMakeFiles/Wifi_led_buzzer.dir/C_/Users/tapet/.pico-sdk/sdk/2.1.0/lib/lwip/src/core/dns.c.obj
 .text.dns_send.isra.0
                0x100076f8      0x174 CMakeFiles/Wifi_led_buzzer.dir/C_/Users/tapet/.pico-sdk/sdk/2.1.0/lib/lwip/src/core/dns.c.obj
 .text.dns_init
                0x1000786c        0x4 CMakeFiles/Wifi_led_buzzer.dir/C_/Users/tapet/.pico-sdk/sdk/2.1.0/lib/lwip/src/core/dns.c.obj
                0x1000786c                dns_init
 .text.dns_setserver
                0x10007870       0x24 CMakeFiles/Wifi_led_buzzer.dir/C_/Users/tapet/.pico-sdk/sdk/2.1.0/lib/lwip/src/core/dns.c.obj
                0x10007870                dns_setserver
 .text.dns_tmr  0x10007894      0x140 CMakeFiles/Wifi_led_buzzer.dir/C_/Users/tapet/.pico-sdk/sdk/2.1.0/lib/lwip/src/core/dns.c.obj
                0x10007894                dns_tmr
 .text.lwip_standard_chksum
                0x100079d4       0xdc CMakeFiles/Wifi_led_buzzer.dir/C_/Users/tapet/.pico-sdk/sdk/2.1.0/lib/lwip/src/core/inet_chksum.c.obj
                0x100079d4                lwip_standard_chksum
 .text.inet_chksum_pseudo
                0x10007ab0       0xbc CMakeFiles/Wifi_led_buzzer.dir/C_/Users/tapet/.pico-sdk/sdk/2.1.0/lib/lwip/src/core/inet_chksum.c.obj
                0x10007ab0                inet_chksum_pseudo
 .text.ip_chksum_pseudo
                0x10007b6c       0x10 CMakeFiles/Wifi_led_buzzer.dir/C_/Users/tapet/.pico-sdk/sdk/2.1.0/lib/lwip/src/core/inet_chksum.c.obj
                0x10007b6c                ip_chksum_pseudo
 .text.inet_chksum
                0x10007b7c        0xc CMakeFiles/Wifi_led_buzzer.dir/C_/Users/tapet/.pico-sdk/sdk/2.1.0/lib/lwip/src/core/inet_chksum.c.obj
                0x10007b7c                inet_chksum
 .text.inet_chksum_pbuf
                0x10007b88       0x78 CMakeFiles/Wifi_led_buzzer.dir/C_/Users/tapet/.pico-sdk/sdk/2.1.0/lib/lwip/src/core/inet_chksum.c.obj
                0x10007b88                inet_chksum_pbuf
 .text.mem_init
                0x10007c00       0x3c CMakeFiles/Wifi_led_buzzer.dir/C_/Users/tapet/.pico-sdk/sdk/2.1.0/lib/lwip/src/core/mem.c.obj
                0x10007c00                mem_init
 .text.mem_free
                0x10007c3c      0x130 CMakeFiles/Wifi_led_buzzer.dir/C_/Users/tapet/.pico-sdk/sdk/2.1.0/lib/lwip/src/core/mem.c.obj
                0x10007c3c                mem_free
 .text.mem_trim
                0x10007d6c      0x104 CMakeFiles/Wifi_led_buzzer.dir/C_/Users/tapet/.pico-sdk/sdk/2.1.0/lib/lwip/src/core/mem.c.obj
                0x10007d6c                mem_trim
 .text.mem_malloc
                0x10007e70      0x124 CMakeFiles/Wifi_led_buzzer.dir/C_/Users/tapet/.pico-sdk/sdk/2.1.0/lib/lwip/src/core/mem.c.obj
                0x10007e70                mem_malloc
 .text.memp_init
                0x10007f94       0x6c CMakeFiles/Wifi_led_buzzer.dir/C_/Users/tapet/.pico-sdk/sdk/2.1.0/lib/lwip/src/core/memp.c.obj
                0x10007f94                memp_init
 .text.memp_malloc
                0x10008000       0x40 CMakeFiles/Wifi_led_buzzer.dir/C_/Users/tapet/.pico-sdk/sdk/2.1.0/lib/lwip/src/core/memp.c.obj
                0x10008000                memp_malloc
 .text.memp_free
                0x10008040       0x38 CMakeFiles/Wifi_led_buzzer.dir/C_/Users/tapet/.pico-sdk/sdk/2.1.0/lib/lwip/src/core/memp.c.obj
                0x10008040                memp_free
 .text.netif_null_output_ip4
                0x10008078        0x8 CMakeFiles/Wifi_led_buzzer.dir/C_/Users/tapet/.pico-sdk/sdk/2.1.0/lib/lwip/src/core/netif.c.obj
 .text.netif_do_set_ipaddr.isra.0
                0x10008080       0x60 CMakeFiles/Wifi_led_buzzer.dir/C_/Users/tapet/.pico-sdk/sdk/2.1.0/lib/lwip/src/core/netif.c.obj
 .text.netif_init
                0x100080e0        0x4 CMakeFiles/Wifi_led_buzzer.dir/C_/Users/tapet/.pico-sdk/sdk/2.1.0/lib/lwip/src/core/netif.c.obj
                0x100080e0                netif_init
 .text.netif_add
                0x100080e4      0x16c CMakeFiles/Wifi_led_buzzer.dir/C_/Users/tapet/.pico-sdk/sdk/2.1.0/lib/lwip/src/core/netif.c.obj
                0x100080e4                netif_add
 .text.netif_set_addr
                0x10008250       0xb4 CMakeFiles/Wifi_led_buzzer.dir/C_/Users/tapet/.pico-sdk/sdk/2.1.0/lib/lwip/src/core/netif.c.obj
                0x10008250                netif_set_addr
 .text.netif_remove
                0x10008304       0x94 CMakeFiles/Wifi_led_buzzer.dir/C_/Users/tapet/.pico-sdk/sdk/2.1.0/lib/lwip/src/core/netif.c.obj
                0x10008304                netif_remove
 .text.netif_set_default
                0x10008398        0xc CMakeFiles/Wifi_led_buzzer.dir/C_/Users/tapet/.pico-sdk/sdk/2.1.0/lib/lwip/src/core/netif.c.obj
                0x10008398                netif_set_default
 .text.netif_set_up
                0x100083a4       0x40 CMakeFiles/Wifi_led_buzzer.dir/C_/Users/tapet/.pico-sdk/sdk/2.1.0/lib/lwip/src/core/netif.c.obj
                0x100083a4                netif_set_up
 .text.netif_set_link_up
                0x100083e4       0x44 CMakeFiles/Wifi_led_buzzer.dir/C_/Users/tapet/.pico-sdk/sdk/2.1.0/lib/lwip/src/core/netif.c.obj
                0x100083e4                netif_set_link_up
 .text.netif_set_link_down
                0x10008428       0x20 CMakeFiles/Wifi_led_buzzer.dir/C_/Users/tapet/.pico-sdk/sdk/2.1.0/lib/lwip/src/core/netif.c.obj
                0x10008428                netif_set_link_down
 .text.netif_get_by_index
                0x10008448       0x2c CMakeFiles/Wifi_led_buzzer.dir/C_/Users/tapet/.pico-sdk/sdk/2.1.0/lib/lwip/src/core/netif.c.obj
                0x10008448                netif_get_by_index
 .text.pbuf_free.part.0
                0x10008474       0x7c CMakeFiles/Wifi_led_buzzer.dir/C_/Users/tapet/.pico-sdk/sdk/2.1.0/lib/lwip/src/core/pbuf.c.obj
 .text.pbuf_free_ooseq
                0x100084f0       0x34 CMakeFiles/Wifi_led_buzzer.dir/C_/Users/tapet/.pico-sdk/sdk/2.1.0/lib/lwip/src/core/pbuf.c.obj
                0x100084f0                pbuf_free_ooseq
 .text.pbuf_alloc
                0x10008524      0x134 CMakeFiles/Wifi_led_buzzer.dir/C_/Users/tapet/.pico-sdk/sdk/2.1.0/lib/lwip/src/core/pbuf.c.obj
                0x10008524                pbuf_alloc
 .text.pbuf_realloc
                0x10008658       0x84 CMakeFiles/Wifi_led_buzzer.dir/C_/Users/tapet/.pico-sdk/sdk/2.1.0/lib/lwip/src/core/pbuf.c.obj
                0x10008658                pbuf_realloc
 .text.pbuf_add_header
                0x100086dc       0x50 CMakeFiles/Wifi_led_buzzer.dir/C_/Users/tapet/.pico-sdk/sdk/2.1.0/lib/lwip/src/core/pbuf.c.obj
                0x100086dc                pbuf_add_header
 .text.pbuf_remove_header
                0x1000872c       0x3c CMakeFiles/Wifi_led_buzzer.dir/C_/Users/tapet/.pico-sdk/sdk/2.1.0/lib/lwip/src/core/pbuf.c.obj
                0x1000872c                pbuf_remove_header
 .text.pbuf_header_force
                0x10008768       0x68 CMakeFiles/Wifi_led_buzzer.dir/C_/Users/tapet/.pico-sdk/sdk/2.1.0/lib/lwip/src/core/pbuf.c.obj
                0x10008768                pbuf_header_force
 .text.pbuf_free
                0x100087d0       0x18 CMakeFiles/Wifi_led_buzzer.dir/C_/Users/tapet/.pico-sdk/sdk/2.1.0/lib/lwip/src/core/pbuf.c.obj
                0x100087d0                pbuf_free
 .text.pbuf_clen
                0x100087e8       0x14 CMakeFiles/Wifi_led_buzzer.dir/C_/Users/tapet/.pico-sdk/sdk/2.1.0/lib/lwip/src/core/pbuf.c.obj
                0x100087e8                pbuf_clen
 .text.pbuf_ref
                0x100087fc       0x28 CMakeFiles/Wifi_led_buzzer.dir/C_/Users/tapet/.pico-sdk/sdk/2.1.0/lib/lwip/src/core/pbuf.c.obj
                0x100087fc                pbuf_ref
 .text.pbuf_cat
                0x10008824       0x44 CMakeFiles/Wifi_led_buzzer.dir/C_/Users/tapet/.pico-sdk/sdk/2.1.0/lib/lwip/src/core/pbuf.c.obj
                0x10008824                pbuf_cat
 .text.pbuf_chain
                0x10008868       0x64 CMakeFiles/Wifi_led_buzzer.dir/C_/Users/tapet/.pico-sdk/sdk/2.1.0/lib/lwip/src/core/pbuf.c.obj
                0x10008868                pbuf_chain
 .text.pbuf_copy_partial_pbuf
                0x100088cc      0x148 CMakeFiles/Wifi_led_buzzer.dir/C_/Users/tapet/.pico-sdk/sdk/2.1.0/lib/lwip/src/core/pbuf.c.obj
                0x100088cc                pbuf_copy_partial_pbuf
 .text.pbuf_copy
                0x10008a14       0x18 CMakeFiles/Wifi_led_buzzer.dir/C_/Users/tapet/.pico-sdk/sdk/2.1.0/lib/lwip/src/core/pbuf.c.obj
                0x10008a14                pbuf_copy
 .text.pbuf_copy_partial
                0x10008a2c       0x68 CMakeFiles/Wifi_led_buzzer.dir/C_/Users/tapet/.pico-sdk/sdk/2.1.0/lib/lwip/src/core/pbuf.c.obj
                0x10008a2c                pbuf_copy_partial
 .text.pbuf_take
                0x10008a94       0x78 CMakeFiles/Wifi_led_buzzer.dir/C_/Users/tapet/.pico-sdk/sdk/2.1.0/lib/lwip/src/core/pbuf.c.obj
                0x10008a94                pbuf_take
 .text.pbuf_take_at
                0x10008b0c       0xcc CMakeFiles/Wifi_led_buzzer.dir/C_/Users/tapet/.pico-sdk/sdk/2.1.0/lib/lwip/src/core/pbuf.c.obj
                0x10008b0c                pbuf_take_at
 .text.pbuf_clone
                0x10008bd8       0x30 CMakeFiles/Wifi_led_buzzer.dir/C_/Users/tapet/.pico-sdk/sdk/2.1.0/lib/lwip/src/core/pbuf.c.obj
                0x10008bd8                pbuf_clone
 .text.pbuf_put_at
                0x10008c08       0x1c CMakeFiles/Wifi_led_buzzer.dir/C_/Users/tapet/.pico-sdk/sdk/2.1.0/lib/lwip/src/core/pbuf.c.obj
                0x10008c08                pbuf_put_at
 .text.raw_input
                0x10008c24      0x164 CMakeFiles/Wifi_led_buzzer.dir/C_/Users/tapet/.pico-sdk/sdk/2.1.0/lib/lwip/src/core/raw.c.obj
                0x10008c24                raw_input
 .text.raw_netif_ip_addr_changed
                0x10008d88       0x40 CMakeFiles/Wifi_led_buzzer.dir/C_/Users/tapet/.pico-sdk/sdk/2.1.0/lib/lwip/src/core/raw.c.obj
                0x10008d88                raw_netif_ip_addr_changed
 .text.stats_init
                0x10008dc8        0x4 CMakeFiles/Wifi_led_buzzer.dir/C_/Users/tapet/.pico-sdk/sdk/2.1.0/lib/lwip/src/core/stats.c.obj
                0x10008dc8                stats_init
 .text.tcp_close_shutdown_fin
                0x10008dcc       0x54 CMakeFiles/Wifi_led_buzzer.dir/C_/Users/tapet/.pico-sdk/sdk/2.1.0/lib/lwip/src/core/tcp.c.obj
 .text.tcp_pcb_purge.part.0
                0x10008e20       0xc4 CMakeFiles/Wifi_led_buzzer.dir/C_/Users/tapet/.pico-sdk/sdk/2.1.0/lib/lwip/src/core/tcp.c.obj
 .text.tcp_init
                0x10008ee4       0x20 CMakeFiles/Wifi_led_buzzer.dir/C_/Users/tapet/.pico-sdk/sdk/2.1.0/lib/lwip/src/core/tcp.c.obj
                0x10008ee4                tcp_init
 .text.tcp_free
                0x10008f04       0x1c CMakeFiles/Wifi_led_buzzer.dir/C_/Users/tapet/.pico-sdk/sdk/2.1.0/lib/lwip/src/core/tcp.c.obj
                0x10008f04                tcp_free
 .text.tcp_bind
                0x10008f20       0xf4 CMakeFiles/Wifi_led_buzzer.dir/C_/Users/tapet/.pico-sdk/sdk/2.1.0/lib/lwip/src/core/tcp.c.obj
                0x10008f20                tcp_bind
 .text.tcp_listen_with_backlog
                0x10009014       0x98 CMakeFiles/Wifi_led_buzzer.dir/C_/Users/tapet/.pico-sdk/sdk/2.1.0/lib/lwip/src/core/tcp.c.obj
                0x10009014                tcp_listen_with_backlog
 .text.tcp_update_rcv_ann_wnd
                0x100090ac       0x58 CMakeFiles/Wifi_led_buzzer.dir/C_/Users/tapet/.pico-sdk/sdk/2.1.0/lib/lwip/src/core/tcp.c.obj
                0x100090ac                tcp_update_rcv_ann_wnd
 .text.tcp_recved
                0x10009104       0x98 CMakeFiles/Wifi_led_buzzer.dir/C_/Users/tapet/.pico-sdk/sdk/2.1.0/lib/lwip/src/core/tcp.c.obj
                0x10009104                tcp_recved
 .text.tcp_slowtmr
                0x1000919c      0x524 CMakeFiles/Wifi_led_buzzer.dir/C_/Users/tapet/.pico-sdk/sdk/2.1.0/lib/lwip/src/core/tcp.c.obj
                0x1000919c                tcp_slowtmr
 .text.tcp_segs_free
                0x100096c0       0x38 CMakeFiles/Wifi_led_buzzer.dir/C_/Users/tapet/.pico-sdk/sdk/2.1.0/lib/lwip/src/core/tcp.c.obj
                0x100096c0                tcp_segs_free
 .text.tcp_seg_free
                0x100096f8       0x1c CMakeFiles/Wifi_led_buzzer.dir/C_/Users/tapet/.pico-sdk/sdk/2.1.0/lib/lwip/src/core/tcp.c.obj
                0x100096f8                tcp_seg_free
 .text.tcp_seg_copy
                0x10009714       0x2c CMakeFiles/Wifi_led_buzzer.dir/C_/Users/tapet/.pico-sdk/sdk/2.1.0/lib/lwip/src/core/tcp.c.obj
                0x10009714                tcp_seg_copy
 .text.tcp_recv
                0x10009740       0x1c CMakeFiles/Wifi_led_buzzer.dir/C_/Users/tapet/.pico-sdk/sdk/2.1.0/lib/lwip/src/core/tcp.c.obj
                0x10009740                tcp_recv
 .text.tcp_accept
                0x1000975c       0x10 CMakeFiles/Wifi_led_buzzer.dir/C_/Users/tapet/.pico-sdk/sdk/2.1.0/lib/lwip/src/core/tcp.c.obj
                0x1000975c                tcp_accept
 .text.tcp_pcb_purge
                0x1000976c       0x18 CMakeFiles/Wifi_led_buzzer.dir/C_/Users/tapet/.pico-sdk/sdk/2.1.0/lib/lwip/src/core/tcp.c.obj
                0x1000976c                tcp_pcb_purge
 .text.tcp_pcb_remove
                0x10009784       0xc8 CMakeFiles/Wifi_led_buzzer.dir/C_/Users/tapet/.pico-sdk/sdk/2.1.0/lib/lwip/src/core/tcp.c.obj
                0x10009784                tcp_pcb_remove
 .text.tcp_abandon
                0x1000984c      0x1a0 CMakeFiles/Wifi_led_buzzer.dir/C_/Users/tapet/.pico-sdk/sdk/2.1.0/lib/lwip/src/core/tcp.c.obj
                0x1000984c                tcp_abandon
 .text.tcp_abort
                0x100099ec        0xc CMakeFiles/Wifi_led_buzzer.dir/C_/Users/tapet/.pico-sdk/sdk/2.1.0/lib/lwip/src/core/tcp.c.obj
                0x100099ec                tcp_abort
 .text.tcp_accept_null
                0x100099f8       0x20 CMakeFiles/Wifi_led_buzzer.dir/C_/Users/tapet/.pico-sdk/sdk/2.1.0/lib/lwip/src/core/tcp.c.obj
 .text.tcp_alloc
                0x10009a18      0x1d4 CMakeFiles/Wifi_led_buzzer.dir/C_/Users/tapet/.pico-sdk/sdk/2.1.0/lib/lwip/src/core/tcp.c.obj
                0x10009a18                tcp_alloc
 .text.tcp_new  0x10009bec        0xc CMakeFiles/Wifi_led_buzzer.dir/C_/Users/tapet/.pico-sdk/sdk/2.1.0/lib/lwip/src/core/tcp.c.obj
                0x10009bec                tcp_new
 .text.tcp_close_shutdown
                0x10009bf8      0x188 CMakeFiles/Wifi_led_buzzer.dir/C_/Users/tapet/.pico-sdk/sdk/2.1.0/lib/lwip/src/core/tcp.c.obj
 .text.tcp_recv_null
                0x10009d80       0xcc CMakeFiles/Wifi_led_buzzer.dir/C_/Users/tapet/.pico-sdk/sdk/2.1.0/lib/lwip/src/core/tcp.c.obj
                0x10009d80                tcp_recv_null
 .text.tcp_process_refused_data
                0x10009e4c       0x78 CMakeFiles/Wifi_led_buzzer.dir/C_/Users/tapet/.pico-sdk/sdk/2.1.0/lib/lwip/src/core/tcp.c.obj
                0x10009e4c                tcp_process_refused_data
 .text.tcp_fasttmr
                0x10009ec4       0x98 CMakeFiles/Wifi_led_buzzer.dir/C_/Users/tapet/.pico-sdk/sdk/2.1.0/lib/lwip/src/core/tcp.c.obj
                0x10009ec4                tcp_fasttmr
 .text.tcp_tmr  0x10009f5c       0x20 CMakeFiles/Wifi_led_buzzer.dir/C_/Users/tapet/.pico-sdk/sdk/2.1.0/lib/lwip/src/core/tcp.c.obj
                0x10009f5c                tcp_tmr
 .text.tcp_close
                0x10009f7c      0x170 CMakeFiles/Wifi_led_buzzer.dir/C_/Users/tapet/.pico-sdk/sdk/2.1.0/lib/lwip/src/core/tcp.c.obj
                0x10009f7c                tcp_close
 .text.tcp_next_iss
                0x1000a0ec       0x28 CMakeFiles/Wifi_led_buzzer.dir/C_/Users/tapet/.pico-sdk/sdk/2.1.0/lib/lwip/src/core/tcp.c.obj
                0x1000a0ec                tcp_next_iss
 .text.tcp_eff_send_mss_netif
                0x1000a114       0x34 CMakeFiles/Wifi_led_buzzer.dir/C_/Users/tapet/.pico-sdk/sdk/2.1.0/lib/lwip/src/core/tcp.c.obj
                0x1000a114                tcp_eff_send_mss_netif
 .text.tcp_netif_ip_addr_changed
                0x1000a148       0x94 CMakeFiles/Wifi_led_buzzer.dir/C_/Users/tapet/.pico-sdk/sdk/2.1.0/lib/lwip/src/core/tcp.c.obj
                0x1000a148                tcp_netif_ip_addr_changed
 .text.tcp_free_ooseq
                0x1000a1dc       0x40 CMakeFiles/Wifi_led_buzzer.dir/C_/Users/tapet/.pico-sdk/sdk/2.1.0/lib/lwip/src/core/tcp.c.obj
                0x1000a1dc                tcp_free_ooseq
 .text.tcp_parseopt
                0x1000a21c      0x1bc CMakeFiles/Wifi_led_buzzer.dir/C_/Users/tapet/.pico-sdk/sdk/2.1.0/lib/lwip/src/core/tcp_in.c.obj
 .text.tcp_oos_insert_segment
                0x1000a3d8       0xdc CMakeFiles/Wifi_led_buzzer.dir/C_/Users/tapet/.pico-sdk/sdk/2.1.0/lib/lwip/src/core/tcp_in.c.obj
 .text.tcp_free_acked_segments.isra.0
                0x1000a4b4       0xdc CMakeFiles/Wifi_led_buzzer.dir/C_/Users/tapet/.pico-sdk/sdk/2.1.0/lib/lwip/src/core/tcp_in.c.obj
 .text.tcp_receive
                0x1000a590      0xa00 CMakeFiles/Wifi_led_buzzer.dir/C_/Users/tapet/.pico-sdk/sdk/2.1.0/lib/lwip/src/core/tcp_in.c.obj
 .text.tcp_input
                0x1000af90      0xe54 CMakeFiles/Wifi_led_buzzer.dir/C_/Users/tapet/.pico-sdk/sdk/2.1.0/lib/lwip/src/core/tcp_in.c.obj
                0x1000af90                tcp_input
 .text.tcp_trigger_input_pcb_close
                0x1000bde4       0x10 CMakeFiles/Wifi_led_buzzer.dir/C_/Users/tapet/.pico-sdk/sdk/2.1.0/lib/lwip/src/core/tcp_in.c.obj
                0x1000bde4                tcp_trigger_input_pcb_close
 .text.tcp_create_segment
                0x1000bdf4       0xf8 CMakeFiles/Wifi_led_buzzer.dir/C_/Users/tapet/.pico-sdk/sdk/2.1.0/lib/lwip/src/core/tcp_out.c.obj
 .text.tcp_output_control_segment
                0x1000beec       0xc0 CMakeFiles/Wifi_led_buzzer.dir/C_/Users/tapet/.pico-sdk/sdk/2.1.0/lib/lwip/src/core/tcp_out.c.obj
 .text.tcp_output_alloc_header.constprop.0
                0x1000bfac       0xc8 CMakeFiles/Wifi_led_buzzer.dir/C_/Users/tapet/.pico-sdk/sdk/2.1.0/lib/lwip/src/core/tcp_out.c.obj
 .text.tcp_write
                0x1000c074      0x468 CMakeFiles/Wifi_led_buzzer.dir/C_/Users/tapet/.pico-sdk/sdk/2.1.0/lib/lwip/src/core/tcp_out.c.obj
                0x1000c074                tcp_write
 .text.tcp_split_unsent_seg
                0x1000c4dc      0x1b4 CMakeFiles/Wifi_led_buzzer.dir/C_/Users/tapet/.pico-sdk/sdk/2.1.0/lib/lwip/src/core/tcp_out.c.obj
                0x1000c4dc                tcp_split_unsent_seg
 .text.tcp_send_fin
                0x1000c690      0x118 CMakeFiles/Wifi_led_buzzer.dir/C_/Users/tapet/.pico-sdk/sdk/2.1.0/lib/lwip/src/core/tcp_out.c.obj
                0x1000c690                tcp_send_fin
 .text.tcp_enqueue_flags
                0x1000c7a8      0x108 CMakeFiles/Wifi_led_buzzer.dir/C_/Users/tapet/.pico-sdk/sdk/2.1.0/lib/lwip/src/core/tcp_out.c.obj
                0x1000c7a8                tcp_enqueue_flags
 .text.tcp_rexmit_rto_prepare
                0x1000c8b0       0x9c CMakeFiles/Wifi_led_buzzer.dir/C_/Users/tapet/.pico-sdk/sdk/2.1.0/lib/lwip/src/core/tcp_out.c.obj
                0x1000c8b0                tcp_rexmit_rto_prepare
 .text.tcp_rexmit
                0x1000c94c       0x9c CMakeFiles/Wifi_led_buzzer.dir/C_/Users/tapet/.pico-sdk/sdk/2.1.0/lib/lwip/src/core/tcp_out.c.obj
                0x1000c94c                tcp_rexmit
 .text.tcp_rexmit_fast
                0x1000c9e8       0x64 CMakeFiles/Wifi_led_buzzer.dir/C_/Users/tapet/.pico-sdk/sdk/2.1.0/lib/lwip/src/core/tcp_out.c.obj
                0x1000c9e8                tcp_rexmit_fast
 .text.tcp_rst  0x1000ca4c       0xe8 CMakeFiles/Wifi_led_buzzer.dir/C_/Users/tapet/.pico-sdk/sdk/2.1.0/lib/lwip/src/core/tcp_out.c.obj
                0x1000ca4c                tcp_rst
 .text.tcp_rst_netif
                0x1000cb34      0x130 CMakeFiles/Wifi_led_buzzer.dir/C_/Users/tapet/.pico-sdk/sdk/2.1.0/lib/lwip/src/core/tcp_out.c.obj
                0x1000cb34                tcp_rst_netif
 .text.tcp_send_empty_ack
                0x1000cc64       0x4c CMakeFiles/Wifi_led_buzzer.dir/C_/Users/tapet/.pico-sdk/sdk/2.1.0/lib/lwip/src/core/tcp_out.c.obj
                0x1000cc64                tcp_send_empty_ack
 .text.tcp_output
                0x1000ccb0      0x454 CMakeFiles/Wifi_led_buzzer.dir/C_/Users/tapet/.pico-sdk/sdk/2.1.0/lib/lwip/src/core/tcp_out.c.obj
                0x1000ccb0                tcp_output
 .text.tcp_rexmit_rto_commit
                0x1000d104       0x24 CMakeFiles/Wifi_led_buzzer.dir/C_/Users/tapet/.pico-sdk/sdk/2.1.0/lib/lwip/src/core/tcp_out.c.obj
                0x1000d104                tcp_rexmit_rto_commit
 .text.tcp_rexmit_rto
                0x1000d128       0xa4 CMakeFiles/Wifi_led_buzzer.dir/C_/Users/tapet/.pico-sdk/sdk/2.1.0/lib/lwip/src/core/tcp_out.c.obj
                0x1000d128                tcp_rexmit_rto
 .text.tcp_keepalive
                0x1000d1cc       0xdc CMakeFiles/Wifi_led_buzzer.dir/C_/Users/tapet/.pico-sdk/sdk/2.1.0/lib/lwip/src/core/tcp_out.c.obj
                0x1000d1cc                tcp_keepalive
 .text.tcp_zero_window_probe
                0x1000d2a8      0x110 CMakeFiles/Wifi_led_buzzer.dir/C_/Users/tapet/.pico-sdk/sdk/2.1.0/lib/lwip/src/core/tcp_out.c.obj
                0x1000d2a8                tcp_zero_window_probe
 .text.tcpip_tcp_timer
                0x1000d3b8       0x78 CMakeFiles/Wifi_led_buzzer.dir/C_/Users/tapet/.pico-sdk/sdk/2.1.0/lib/lwip/src/core/timeouts.c.obj
 .text.lwip_cyclic_timer
                0x1000d430       0x98 CMakeFiles/Wifi_led_buzzer.dir/C_/Users/tapet/.pico-sdk/sdk/2.1.0/lib/lwip/src/core/timeouts.c.obj
 .text.tcp_timer_needed
                0x1000d4c8       0x7c CMakeFiles/Wifi_led_buzzer.dir/C_/Users/tapet/.pico-sdk/sdk/2.1.0/lib/lwip/src/core/timeouts.c.obj
                0x1000d4c8                tcp_timer_needed
 .text.sys_timeouts_init
                0x1000d544       0x8c CMakeFiles/Wifi_led_buzzer.dir/C_/Users/tapet/.pico-sdk/sdk/2.1.0/lib/lwip/src/core/timeouts.c.obj
                0x1000d544                sys_timeouts_init
 .text.sys_check_timeouts
                0x1000d5d0       0x68 CMakeFiles/Wifi_led_buzzer.dir/C_/Users/tapet/.pico-sdk/sdk/2.1.0/lib/lwip/src/core/timeouts.c.obj
                0x1000d5d0                sys_check_timeouts
 .text.sys_timeouts_sleeptime
                0x1000d638       0x28 CMakeFiles/Wifi_led_buzzer.dir/C_/Users/tapet/.pico-sdk/sdk/2.1.0/lib/lwip/src/core/timeouts.c.obj
                0x1000d638                sys_timeouts_sleeptime
 .text.udp_init
                0x1000d660       0x20 CMakeFiles/Wifi_led_buzzer.dir/C_/Users/tapet/.pico-sdk/sdk/2.1.0/lib/lwip/src/core/udp.c.obj
                0x1000d660                udp_init
 .text.udp_input
                0x1000d680      0x320 CMakeFiles/Wifi_led_buzzer.dir/C_/Users/tapet/.pico-sdk/sdk/2.1.0/lib/lwip/src/core/udp.c.obj
                0x1000d680                udp_input
 .text.udp_bind
                0x1000d9a0      0x118 CMakeFiles/Wifi_led_buzzer.dir/C_/Users/tapet/.pico-sdk/sdk/2.1.0/lib/lwip/src/core/udp.c.obj
                0x1000d9a0                udp_bind
 .text.udp_sendto_if_src
                0x1000dab8      0x130 CMakeFiles/Wifi_led_buzzer.dir/C_/Users/tapet/.pico-sdk/sdk/2.1.0/lib/lwip/src/core/udp.c.obj
                0x1000dab8                udp_sendto_if_src
 .text.udp_sendto_if
                0x1000dbe8       0x48 CMakeFiles/Wifi_led_buzzer.dir/C_/Users/tapet/.pico-sdk/sdk/2.1.0/lib/lwip/src/core/udp.c.obj
                0x1000dbe8                udp_sendto_if
 .text.udp_sendto
                0x1000dc30       0x78 CMakeFiles/Wifi_led_buzzer.dir/C_/Users/tapet/.pico-sdk/sdk/2.1.0/lib/lwip/src/core/udp.c.obj
                0x1000dc30                udp_sendto
 .text.udp_connect
                0x1000dca8       0x60 CMakeFiles/Wifi_led_buzzer.dir/C_/Users/tapet/.pico-sdk/sdk/2.1.0/lib/lwip/src/core/udp.c.obj
                0x1000dca8                udp_connect
 .text.udp_recv
                0x1000dd08        0xc CMakeFiles/Wifi_led_buzzer.dir/C_/Users/tapet/.pico-sdk/sdk/2.1.0/lib/lwip/src/core/udp.c.obj
                0x1000dd08                udp_recv
 .text.udp_remove
                0x1000dd14       0x3c CMakeFiles/Wifi_led_buzzer.dir/C_/Users/tapet/.pico-sdk/sdk/2.1.0/lib/lwip/src/core/udp.c.obj
                0x1000dd14                udp_remove
 .text.udp_new  0x1000dd50       0x1c CMakeFiles/Wifi_led_buzzer.dir/C_/Users/tapet/.pico-sdk/sdk/2.1.0/lib/lwip/src/core/udp.c.obj
                0x1000dd50                udp_new
 .text.udp_netif_ip_addr_changed
                0x1000dd6c       0x40 CMakeFiles/Wifi_led_buzzer.dir/C_/Users/tapet/.pico-sdk/sdk/2.1.0/lib/lwip/src/core/udp.c.obj
                0x1000dd6c                udp_netif_ip_addr_changed
 .text.dhcp_create_msg
                0x1000ddac      0x164 CMakeFiles/Wifi_led_buzzer.dir/C_/Users/tapet/.pico-sdk/sdk/2.1.0/lib/lwip/src/core/ipv4/dhcp.c.obj
 .text.dhcp_inc_pcb_refcount
                0x1000df10       0x6c CMakeFiles/Wifi_led_buzzer.dir/C_/Users/tapet/.pico-sdk/sdk/2.1.0/lib/lwip/src/core/ipv4/dhcp.c.obj
 .text.dhcp_bind
                0x1000df7c      0x138 CMakeFiles/Wifi_led_buzzer.dir/C_/Users/tapet/.pico-sdk/sdk/2.1.0/lib/lwip/src/core/ipv4/dhcp.c.obj
 .text.dhcp_option_hostname.isra.0
                0x1000e0b4       0x84 CMakeFiles/Wifi_led_buzzer.dir/C_/Users/tapet/.pico-sdk/sdk/2.1.0/lib/lwip/src/core/ipv4/dhcp.c.obj
 .text.dhcp_handle_ack.isra.0
                0x1000e138       0xcc CMakeFiles/Wifi_led_buzzer.dir/C_/Users/tapet/.pico-sdk/sdk/2.1.0/lib/lwip/src/core/ipv4/dhcp.c.obj
 .text.dhcp_reboot.isra.0
                0x1000e204      0x178 CMakeFiles/Wifi_led_buzzer.dir/C_/Users/tapet/.pico-sdk/sdk/2.1.0/lib/lwip/src/core/ipv4/dhcp.c.obj
 .text.dhcp_discover
                0x1000e37c      0x140 CMakeFiles/Wifi_led_buzzer.dir/C_/Users/tapet/.pico-sdk/sdk/2.1.0/lib/lwip/src/core/ipv4/dhcp.c.obj
 .text.dhcp_select.isra.0
                0x1000e4bc      0x1e0 CMakeFiles/Wifi_led_buzzer.dir/C_/Users/tapet/.pico-sdk/sdk/2.1.0/lib/lwip/src/core/ipv4/dhcp.c.obj
 .text.dhcp_recv
                0x1000e69c      0x47c CMakeFiles/Wifi_led_buzzer.dir/C_/Users/tapet/.pico-sdk/sdk/2.1.0/lib/lwip/src/core/ipv4/dhcp.c.obj
 .text.dhcp_set_struct
                0x1000eb18       0x44 CMakeFiles/Wifi_led_buzzer.dir/C_/Users/tapet/.pico-sdk/sdk/2.1.0/lib/lwip/src/core/ipv4/dhcp.c.obj
                0x1000eb18                dhcp_set_struct
 .text.dhcp_network_changed_link_up
                0x1000eb5c       0x40 CMakeFiles/Wifi_led_buzzer.dir/C_/Users/tapet/.pico-sdk/sdk/2.1.0/lib/lwip/src/core/ipv4/dhcp.c.obj
                0x1000eb5c                dhcp_network_changed_link_up
 .text.dhcp_renew
                0x1000eb9c      0x138 CMakeFiles/Wifi_led_buzzer.dir/C_/Users/tapet/.pico-sdk/sdk/2.1.0/lib/lwip/src/core/ipv4/dhcp.c.obj
                0x1000eb9c                dhcp_renew
 .text.dhcp_release_and_stop
                0x1000ecd4      0x158 CMakeFiles/Wifi_led_buzzer.dir/C_/Users/tapet/.pico-sdk/sdk/2.1.0/lib/lwip/src/core/ipv4/dhcp.c.obj
                0x1000ecd4                dhcp_release_and_stop
 .text.dhcp_start
                0x1000ee2c       0xb0 CMakeFiles/Wifi_led_buzzer.dir/C_/Users/tapet/.pico-sdk/sdk/2.1.0/lib/lwip/src/core/ipv4/dhcp.c.obj
                0x1000ee2c                dhcp_start
 .text.dhcp_coarse_tmr
                0x1000eedc      0x1d8 CMakeFiles/Wifi_led_buzzer.dir/C_/Users/tapet/.pico-sdk/sdk/2.1.0/lib/lwip/src/core/ipv4/dhcp.c.obj
                0x1000eedc                dhcp_coarse_tmr
 .text.dhcp_fine_tmr
                0x1000f0b4       0x78 CMakeFiles/Wifi_led_buzzer.dir/C_/Users/tapet/.pico-sdk/sdk/2.1.0/lib/lwip/src/core/ipv4/dhcp.c.obj
                0x1000f0b4                dhcp_fine_tmr
 .text.dhcp_stop
                0x1000f12c      0x158 CMakeFiles/Wifi_led_buzzer.dir/C_/Users/tapet/.pico-sdk/sdk/2.1.0/lib/lwip/src/core/ipv4/dhcp.c.obj
                0x1000f12c                dhcp_stop
 .text.etharp_find_entry
                0x1000f284      0x3c0 CMakeFiles/Wifi_led_buzzer.dir/C_/Users/tapet/.pico-sdk/sdk/2.1.0/lib/lwip/src/core/ipv4/etharp.c.obj
 .text.etharp_raw
                0x1000f644       0xec CMakeFiles/Wifi_led_buzzer.dir/C_/Users/tapet/.pico-sdk/sdk/2.1.0/lib/lwip/src/core/ipv4/etharp.c.obj
 .text.etharp_output_to_arp_index
                0x1000f730       0xd0 CMakeFiles/Wifi_led_buzzer.dir/C_/Users/tapet/.pico-sdk/sdk/2.1.0/lib/lwip/src/core/ipv4/etharp.c.obj
 .text.etharp_tmr
                0x1000f800       0x94 CMakeFiles/Wifi_led_buzzer.dir/C_/Users/tapet/.pico-sdk/sdk/2.1.0/lib/lwip/src/core/ipv4/etharp.c.obj
                0x1000f800                etharp_tmr
 .text.etharp_cleanup_netif
                0x1000f894      0x188 CMakeFiles/Wifi_led_buzzer.dir/C_/Users/tapet/.pico-sdk/sdk/2.1.0/lib/lwip/src/core/ipv4/etharp.c.obj
                0x1000f894                etharp_cleanup_netif
 .text.etharp_input
                0x1000fa1c      0x1b8 CMakeFiles/Wifi_led_buzzer.dir/C_/Users/tapet/.pico-sdk/sdk/2.1.0/lib/lwip/src/core/ipv4/etharp.c.obj
                0x1000fa1c                etharp_input
 .text.etharp_query
                0x1000fbd4      0x1b8 CMakeFiles/Wifi_led_buzzer.dir/C_/Users/tapet/.pico-sdk/sdk/2.1.0/lib/lwip/src/core/ipv4/etharp.c.obj
                0x1000fbd4                etharp_query
 .text.etharp_output
                0x1000fd8c      0x24c CMakeFiles/Wifi_led_buzzer.dir/C_/Users/tapet/.pico-sdk/sdk/2.1.0/lib/lwip/src/core/ipv4/etharp.c.obj
                0x1000fd8c                etharp_output
 .text.etharp_request
                0x1000ffd8       0x2c CMakeFiles/Wifi_led_buzzer.dir/C_/Users/tapet/.pico-sdk/sdk/2.1.0/lib/lwip/src/core/ipv4/etharp.c.obj
                0x1000ffd8                etharp_request
 .text.icmp_input
                0x10010004      0x1ec CMakeFiles/Wifi_led_buzzer.dir/C_/Users/tapet/.pico-sdk/sdk/2.1.0/lib/lwip/src/core/ipv4/icmp.c.obj
                0x10010004                icmp_input
 .text.icmp_dest_unreach
                0x100101f0       0xcc CMakeFiles/Wifi_led_buzzer.dir/C_/Users/tapet/.pico-sdk/sdk/2.1.0/lib/lwip/src/core/ipv4/icmp.c.obj
                0x100101f0                icmp_dest_unreach
 .text.icmp_time_exceeded
                0x100102bc       0xcc CMakeFiles/Wifi_led_buzzer.dir/C_/Users/tapet/.pico-sdk/sdk/2.1.0/lib/lwip/src/core/ipv4/icmp.c.obj
                0x100102bc                icmp_time_exceeded
 .text.ip_reass_free_complete_datagram
                0x10010388      0x11c CMakeFiles/Wifi_led_buzzer.dir/C_/Users/tapet/.pico-sdk/sdk/2.1.0/lib/lwip/src/core/ipv4/ip4_frag.c.obj
 .text.ip_reass_remove_oldest_datagram
                0x100104a4       0xd8 CMakeFiles/Wifi_led_buzzer.dir/C_/Users/tapet/.pico-sdk/sdk/2.1.0/lib/lwip/src/core/ipv4/ip4_frag.c.obj
 .text.ip_reass_tmr
                0x1001057c       0x30 CMakeFiles/Wifi_led_buzzer.dir/C_/Users/tapet/.pico-sdk/sdk/2.1.0/lib/lwip/src/core/ipv4/ip4_frag.c.obj
                0x1001057c                ip_reass_tmr
 .text.ip4_reass
                0x100105ac      0x560 CMakeFiles/Wifi_led_buzzer.dir/C_/Users/tapet/.pico-sdk/sdk/2.1.0/lib/lwip/src/core/ipv4/ip4_frag.c.obj
                0x100105ac                ip4_reass
 .text.ip4_frag
                0x10010b0c      0x254 CMakeFiles/Wifi_led_buzzer.dir/C_/Users/tapet/.pico-sdk/sdk/2.1.0/lib/lwip/src/core/ipv4/ip4_frag.c.obj